Component: ARM Compiler 5.06 update 6 (build 750) Tool: armlink [4d35ed]

==============================================================================

Section Cross References

    startup_stm32f103xb.o(STACK) refers (Special) to heapauxi.o(.text) for __use_two_region_memory
    startup_stm32f103xb.o(HEAP) refers (Special) to heapauxi.o(.text) for __use_two_region_memory
    startup_stm32f103xb.o(RESET) refers (Special) to heapauxi.o(.text) for __use_two_region_memory
    startup_stm32f103xb.o(RESET) refers to startup_stm32f103xb.o(STACK) for __initial_sp
    startup_stm32f103xb.o(RESET) refers to startup_stm32f103xb.o(.text) for Reset_Handler
    startup_stm32f103xb.o(RESET) refers to stm32f1xx_it.o(i.NMI_Handler) for NMI_Handler
    startup_stm32f103xb.o(RESET) refers to stm32f1xx_it.o(i.HardFault_Handler) for HardFault_Handler
    startup_stm32f103xb.o(RESET) refers to stm32f1xx_it.o(i.MemManage_Handler) for MemManage_Handler
    startup_stm32f103xb.o(RESET) refers to stm32f1xx_it.o(i.BusFault_Handler) for BusFault_Handler
    startup_stm32f103xb.o(RESET) refers to stm32f1xx_it.o(i.UsageFault_Handler) for UsageFault_Handler
    startup_stm32f103xb.o(RESET) refers to stm32f1xx_it.o(i.SVC_Handler) for SVC_Handler
    startup_stm32f103xb.o(RESET) refers to stm32f1xx_it.o(i.DebugMon_Handler) for DebugMon_Handler
    startup_stm32f103xb.o(RESET) refers to stm32f1xx_it.o(i.PendSV_Handler) for PendSV_Handler
    startup_stm32f103xb.o(RESET) refers to stm32f1xx_it.o(i.SysTick_Handler) for SysTick_Handler
    startup_stm32f103xb.o(RESET) refers to stm32f1xx_it.o(i.USART1_IRQHandler) for USART1_IRQHandler
    startup_stm32f103xb.o(RESET) refers to stm32f1xx_it.o(i.USART2_IRQHandler) for USART2_IRQHandler
    startup_stm32f103xb.o(.text) refers (Special) to heapauxi.o(.text) for __use_two_region_memory
    startup_stm32f103xb.o(.text) refers to system_stm32f1xx.o(i.SystemInit) for SystemInit
    startup_stm32f103xb.o(.text) refers to __main.o(!!!main) for __main
    startup_stm32f103xb.o(.text) refers to startup_stm32f103xb.o(HEAP) for Heap_Mem
    startup_stm32f103xb.o(.text) refers to startup_stm32f103xb.o(STACK) for Stack_Mem
    main.o(i.App_HandleGestureEnrollByte) refers to stm32f1xx_hal.o(i.HAL_GetTick) for HAL_GetTick
    main.o(i.App_HandleGestureEnrollByte) refers to oled.o(i.OLED_ShowModifySuccessPage) for OLED_ShowModifySuccessPage
    main.o(i.App_HandleGestureEnrollByte) refers to main.o(.data) for .data
    main.o(i.App_HandleGestureEnrollTimer) refers to stm32f1xx_hal.o(i.HAL_GetTick) for HAL_GetTick
    main.o(i.App_HandleGestureEnrollTimer) refers to main.o(i.App_HandleGestureInvalid) for App_HandleGestureInvalid
    main.o(i.App_HandleGestureEnrollTimer) refers to main.o(.data) for .data
    main.o(i.App_HandleGestureInvalid) refers to main.o(.data) for .data
    main.o(i.App_HandleRfidEvents) refers to stm32f1xx_hal.o(i.HAL_GetTick) for HAL_GetTick
    main.o(i.App_HandleRfidEvents) refers to oled.o(i.OLED_ShowUnlockSuccessPage) for OLED_ShowUnlockSuccessPage
    main.o(i.App_HandleRfidEvents) refers to rfid_reader.o(i.RFID_PollEvent) for RFID_PollEvent
    main.o(i.App_HandleRfidEvents) refers to oled.o(i.OLED_ShowUnlockDeniedPage) for OLED_ShowUnlockDeniedPage
    main.o(i.App_HandleRfidEvents) refers to oled.o(i.OLED_ShowRfidEnrollSuccessPage) for OLED_ShowRfidEnrollSuccessPage
    main.o(i.App_HandleRfidEvents) refers to oled.o(i.OLED_ShowLockPage) for OLED_ShowLockPage
    main.o(i.App_HandleRfidEvents) refers to main.o(i.App_ReturnHome) for App_ReturnHome
    main.o(i.App_HandleRfidEvents) refers to main.o(.data) for .data
    main.o(i.App_HandleTextCommand) refers to main.o(i.App_StringEquals) for App_StringEquals
    main.o(i.App_HandleTextCommand) refers to main.o(i.App_LockAndShow) for App_LockAndShow
    main.o(i.App_HandleTextCommand) refers to main.o(i.App_ReturnHome) for App_ReturnHome
    main.o(i.App_HandleTextCommand) refers to main.o(i.App_OpenHomeItem) for App_OpenHomeItem
    main.o(i.App_HandleTextCommand) refers to stm32f1xx_hal.o(i.HAL_GetTick) for HAL_GetTick
    main.o(i.App_HandleTextCommand) refers to main.o(i.App_HandleGestureInvalid) for App_HandleGestureInvalid
    main.o(i.App_HandleTextCommand) refers to main.o(i.Servo_SetDoor) for Servo_SetDoor
    main.o(i.App_HandleTextCommand) refers to main.o(.data) for .data
    main.o(i.App_HandleUnlockByte) refers to oled.o(i.OLED_ShowLockInputPage) for OLED_ShowLockInputPage
    main.o(i.App_HandleUnlockByte) refers to stm32f1xx_hal.o(i.HAL_GetTick) for HAL_GetTick
    main.o(i.App_HandleUnlockByte) refers to main.o(.data) for .data
    main.o(i.App_LockAndShow) refers to main.o(i.Motor_SetSpeed) for Motor_SetSpeed
    main.o(i.App_LockAndShow) refers to main.o(i.Servo_SetDoor) for Servo_SetDoor
    main.o(i.App_LockAndShow) refers to rfid_reader.o(i.RFID_Lock) for RFID_Lock
    main.o(i.App_LockAndShow) refers to main.o(.data) for .data
[...]
    ../clib/angel/sys.s                      0x00000000   Number         0  sys_stackheap_outer.o ABSOLUTE
    ../clib/angel/sysapp.c                   0x00000000   Number         0  sys_command.o ABSOLUTE
    ../clib/angel/sysapp.c                   0x00000000   Number         0  sys_wrch.o ABSOLUTE
    ../clib/angel/sysapp.c                   0x00000000   Number         0  sys_exit.o ABSOLUTE
    ../clib/armsys.c                         0x00000000   Number         0  no_argv.o ABSOLUTE
    ../clib/armsys.c                         0x00000000   Number         0  _get_argv_nomalloc.o ABSOLUTE
    ../clib/armsys.c                         0x00000000   Number         0  argv_veneer.o ABSOLUTE
    ../clib/armsys.c                         0x00000000   Number         0  argv_veneer.o ABSOLUTE
    ../clib/heapalloc.c                      0x00000000   Number         0  hrguard.o ABSOLUTE
    ../clib/heapaux.c                        0x00000000   Number         0  heapauxi.o ABSOLUTE
    ../clib/libinit.s                        0x00000000   Number         0  libshutdown.o ABSOLUTE
    ../clib/libinit.s                        0x00000000   Number         0  libshutdown2.o ABSOLUTE
    ../clib/libinit.s                        0x00000000   Number         0  libinit2.o ABSOLUTE
    ../clib/libinit.s                        0x00000000   Number         0  libinit.o ABSOLUTE
    ../clib/longlong.s                       0x00000000   Number         0  llushr.o ABSOLUTE
    ../clib/memcpset.s                       0x00000000   Number         0  rt_memclr_w.o ABSOLUTE
    ../clib/signal.c                         0x00000000   Number         0  defsig_exit.o ABSOLUTE
    ../clib/signal.c                         0x00000000   Number         0  defsig_rtmem_formal.o ABSOLUTE
    ../clib/signal.c                         0x00000000   Number         0  defsig_rtmem_inner.o ABSOLUTE
    ../clib/signal.c                         0x00000000   Number         0  __raise.o ABSOLUTE
    ../clib/signal.c                         0x00000000   Number         0  defsig_fpe_inner.o ABSOLUTE
    ../clib/signal.c                         0x00000000   Number         0  defsig_rtred_inner.o ABSOLUTE
    ../clib/signal.c                         0x00000000   Number         0  defsig_pvfn_inner.o ABSOLUTE
    ../clib/signal.c                         0x00000000   Number         0  defsig_cppl_inner.o ABSOLUTE
    ../clib/signal.c                         0x00000000   Number         0  defsig_rtmem_outer.o ABSOLUTE
    ../clib/signal.c                         0x00000000   Number         0  defsig_segv_inner.o ABSOLUTE
    ../clib/signal.c                         0x00000000   Number         0  defsig_other.o ABSOLUTE
    ../clib/signal.c                         0x00000000   Number         0  defsig_stak_inner.o ABSOLUTE
    ../clib/signal.c                         0x00000000   Number         0  defsig_general.o ABSOLUTE
    ../clib/signal.c                         0x00000000   Number         0  defsig_abrt_inner.o ABSOLUTE
    ../clib/signal.s                         0x00000000   Number         0  defsig.o ABSOLUTE
    ../clib/stdlib.c                         0x00000000   Number         0  exit.o ABSOLUTE
    ../fplib/fpinit.s                        0x00000000   Number         0  fpinit.o ABSOLUTE
    ..\App\oled.c                            0x00000000   Number         0  oled.o ABSOLUTE
    ..\App\rfid_reader.c                     0x00000000   Number         0  rfid_reader.o ABSOLUTE
    ..\Core\Src\gpio.c                       0x00000000   Number         0  gpio.o ABSOLUTE
    ..\Core\Src\main.c                       0x00000000   Number         0  main.o ABSOLUTE
    ..\Core\Src\spi.c                        0x00000000   Number         0  spi.o ABSOLUTE
    ..\Core\Src\stm32f1xx_hal_msp.c          0x00000000   Number         0  stm32f1xx_hal_msp.o ABSOLUTE
    ..\Core\Src\stm32f1xx_it.c               0x00000000   Number         0  stm32f1xx_it.o ABSOLUTE
    ..\Core\Src\system_stm32f1xx.c           0x00000000   Number         0  system_stm32f1xx.o ABSOLUTE
    ..\Core\Src\tim.c                        0x00000000   Number         0  tim.o ABSOLUTE
    ..\Core\Src\usart.c                      0x00000000   Number         0  usart.o ABSOLUTE
    ..\Drivers\STM32F1xx_HAL_Driver\Src\stm32f1xx_hal.c 0x00000000   Number         0  stm32f1xx_hal.o ABSOLUTE
    ..\Drivers\STM32F1xx_HAL_Driver\Src\stm32f1xx_hal_cortex.c 0x00000000   Number         0  stm32f1xx_hal_cortex.o ABSOLUTE
    ..\Drivers\STM32F1xx_HAL_Driver\Src\stm32f1xx_hal_dma.c 0x00000000   Number         0  stm32f1xx_hal_dma.o ABSOLUTE
    ..\Drivers\STM32F1xx_HAL_Driver\Src\stm32f1xx_hal_exti.c 0x00000000   Number         0  stm32f1xx_hal_exti.o ABSOLUTE
    ..\Drivers\STM32F1xx_HAL_Driver\Src\stm32f1xx_hal_flash.c 0x00000000   Number         0  stm32f1xx_hal_flash.o ABSOLUTE
    ..\Drivers\STM32F1xx_HAL_Driver\Src\stm32f1xx_hal_flash_ex.c 0x00000000   Number         0  stm32f1xx_hal_flash_ex.o ABSOLUTE
    ..\Drivers\STM32F1xx_HAL_Driver\Src\stm32f1xx_hal_gpio.c 0x00000000   Number         0  stm32f1xx_hal_gpio.o ABSOLUTE
    ..\Drivers\STM32F1xx_HAL_Driver\Src\stm32f1xx_hal_gpio_ex.c 0x00000000   Number         0  stm32f1xx_hal_gpio_ex.o ABSOLUTE
    ..\Drivers\STM32F1xx_HAL_Driver\Src\stm32f1xx_hal_pwr.c 0x00000000   Number         0  stm32f1xx_hal_pwr.o ABSOLUTE
    ..\Drivers\STM32F1xx_HAL_Driver\Src\stm32f1xx_hal_rcc.c 0x00000000   Number         0  stm32f1xx_hal_rcc.o ABSOLUTE
    ..\Drivers\STM32F1xx_HAL_Driver\Src\stm32f1xx_hal_rcc_ex.c 0x00000000   Number         0  stm32f1xx_hal_rcc_ex.o ABSOLUTE
    ..\Drivers\STM32F1xx_HAL_Driver\Src\stm32f1xx_hal_spi.c 0x00000000   Number         0  stm32f1xx_hal_spi.o ABSOLUTE
    ..\Drivers\STM32F1xx_HAL_Driver\Src\stm32f1xx_hal_tim.c 0x00000000   Number         0  stm32f1xx_hal_tim.o ABSOLUTE
    ..\Drivers\STM32F1xx_HAL_Driver\Src\stm32f1xx_hal_tim_ex.c 0x00000000   Number         0  stm32f1xx_hal_tim_ex.o ABSOLUTE
    ..\Drivers\STM32F1xx_HAL_Driver\Src\stm32f1xx_hal_uart.c 0x00000000   Number         0  stm32f1xx_hal_uart.o ABSOLUTE
    dc.s                                     0x00000000   Number         0  dc.o ABSOLUTE
    startup_stm32f103xb.s                    0x00000000   Number         0  startup_stm32f103xb.o ABSOLUTE
    RESET                                    0x08000000   Section      236  startup_stm32f103xb.o(RESET)
    !!!main                                  0x080000ec   Section        8  __main.o(!!!main)
    !!!scatter                               0x080000f4   Section       52  __scatter.o(!!!scatter)
    !!handler_copy                           0x08000128   Section       26  __scatter_copy.o(!!handler_copy)
    !!handler_zi                             0x08000144   Section       28  __scatter_zi.o(!!handler_zi)
    .ARM.Collect$$libinit$$00000000          0x08000160   Section        2  libinit.o(.ARM.Collect$$libinit$$00000000)
    .ARM.Collect$$libinit$$00000002          0x08000162   Section        0  libinit2.o(.ARM.Collect$$libinit$$00000002)
    .ARM.Collect$$libinit$$00000004          0x08000162   Section        0  libinit2.o(.ARM.Collect$$libinit$$00000004)
    .ARM.Collect$$libinit$$0000000A          0x08000162   Section        0  libinit2.o(.ARM.Collect$$libinit$$0000000A)
    .ARM.Collect$$libinit$$0000000C          0x08000162   Section        0  libinit2.o(.ARM.Collect$$libinit$$0000000C)
    .ARM.Collect$$libinit$$0000000E          0x08000162   Section        0  libinit2.o(.ARM.Collect$$libinit$$0000000E)
    .ARM.Collect$$libinit$$00000011          0x08000162   Section        0  libinit2.o(.ARM.Collect$$libinit$$00000011)
    .ARM.Collect$$libinit$$00000013          0x08000162   Section        0  libinit2.o(.ARM.Collect$$libinit$$00000013)
    .ARM.Collect$$libinit$$00000015          0x08000162   Section        0  libinit2.o(.ARM.Collect$$libinit$$00000015)
    .ARM.Collect$$libinit$$00000017          0x08000162   Section        0  libinit2.o(.ARM.Collect$$libinit$$00000017)
    .ARM.Collect$$libinit$$00000019          0x08000162   Section        0  libinit2.o(.ARM.Collect$$libinit$$00000019)
    .ARM.Collect$$libinit$$0000001B          0x08000162   Section        0  libinit2.o(.ARM.Collect$$libinit$$0000001B)
    .ARM.Collect$$libinit$$0000001D          0x08000162   Section        0  libinit2.o(.ARM.Collect$$libinit$$0000001D)
    .ARM.Collect$$libinit$$0000001F          0x08000162   Section        0  libinit2.o(.ARM.Collect$$libinit$$0000001F)
    .ARM.Collect$$libinit$$00000021          0x08000162   Section        0  libinit2.o(.ARM.Collect$$libinit$$00000021)
    .ARM.Collect$$libinit$$00000023          0x08000162   Section        0  libinit2.o(.ARM.Collect$$libinit$$00000023)
    .ARM.Collect$$libinit$$00000025          0x08000162   Section        0  libinit2.o(.ARM.Collect$$libinit$$00000025)
    .ARM.Collect$$libinit$$0000002C          0x08000162   Section        0  libinit2.o(.ARM.Collect$$libinit$$0000002C)
    .ARM.Collect$$libinit$$0000002E          0x08000162   Section        0  libinit2.o(.ARM.Collect$$libinit$$0000002E)
    .ARM.Collect$$libinit$$00000030          0x08000162   Section        0  libinit2.o(.ARM.Collect$$libinit$$00000030)
    .ARM.Collect$$libinit$$00000032          0x08000162   Section        0  libinit2.o(.ARM.Collect$$libinit$$00000032)
    .ARM.Collect$$libinit$$00000033          0x08000162   Section        2  libinit2.o(.ARM.Collect$$libinit$$00000033)
    .ARM.Collect$$libshutdown$$00000000      0x08000164   Section        2  libshutdown.o(.ARM.Collect$$libshutdown$$00000000)
    .ARM.Collect$$libshutdown$$00000002      0x08000166   Section        0  libshutdown2.o(.ARM.Collect$$libshutdown$$00000002)
    .ARM.Collect$$libshutdown$$00000004      0x08000166   Section        0  libshutdown2.o(.ARM.Collect$$libshutdown$$00000004)
    .ARM.Collect$$libshutdown$$00000007      0x08000166   Section        0  libshutdown2.o(.ARM.Collect$$libshutdown$$00000007)
    .ARM.Collect$$libshutdown$$0000000A      0x08000166   Section        0  libshutdown2.o(.ARM.Collect$$libshutdown$$0000000A)
    .ARM.Collect$$libshutdown$$0000000C      0x08000166   Section        0  libshutdown2.o(.ARM.Collect$$libshutdown$$0000000C)
    .ARM.Collect$$libshutdown$$0000000F      0x08000166   Section        0  libshutdown2.o(.ARM.Collect$$libshutdown$$0000000F)
    .ARM.Collect$$libshutdown$$00000010      0x08000166   Section        2  libshutdown2.o(.ARM.Collect$$libshutdown$$00000010)
    .ARM.Collect$$rtentry$$00000000          0x08000168   Section        0  __rtentry.o(.ARM.Collect$$rtentry$$00000000)
    .ARM.Collect$$rtentry$$00000002          0x08000168   Section        0  __rtentry2.o(.ARM.Collect$$rtentry$$00000002)
    .ARM.Collect$$rtentry$$00000004          0x08000168   Section        6  __rtentry4.o(.ARM.Collect$$rtentry$$00000004)
    .ARM.Collect$$rtentry$$00000009          0x0800016e   Section        0  __rtentry2.o(.ARM.Collect$$rtentry$$00000009)
    .ARM.Collect$$rtentry$$0000000A          0x0800016e   Section        4  __rtentry2.o(.ARM.Collect$$rtentry$$0000000A)
    .ARM.Collect$$rtentry$$0000000C          0x08000172   Section        0  __rtentry2.o(.ARM.Collect$$rtentry$$0000000C)
    .ARM.Collect$$rtentry$$0000000D          0x08000172   Section        8  __rtentry2.o(.ARM.Collect$$rtentry$$0000000D)
    .ARM.Collect$$rtexit$$00000000           0x0800017a   Section        2  rtexit.o(.ARM.Collect$$rtexit$$00000000)
    .ARM.Collect$$rtexit$$00000002           0x0800017c   Section        0  rtexit2.o(.ARM.Collect$$rtexit$$00000002)
    .ARM.Collect$$rtexit$$00000003           0x0800017c   Section        4  rtexit2.o(.ARM.Collect$$rtexit$$00000003)
    .ARM.Collect$$rtexit$$00000004           0x08000180   Section        6  rtexit2.o(.ARM.Collect$$rtexit$$00000004)
    .text                                    0x08000188   Section       64  startup_stm32f103xb.o(.text)
    .text                                    0x080001c8   Section       78  rt_memclr_w.o(.text)
    .text                                    0x08000216   Section        0  heapauxi.o(.text)
    .text                                    0x0800021c   Section       74  sys_stackheap_outer.o(.text)
    .text                                    0x08000266   Section        0  exit.o(.text)
    .text                                    0x08000278   Section        8  libspace.o(.text)
    .text                                    0x08000280   Section        0  sys_exit.o(.text)
    .text                                    0x0800028c   Section        2  use_no_semi.o(.text)
    .text                                    0x0800028e   Section        0  indicate_semi.o(.text)
    i.App_HandleGestureEnrollByte            0x08000290   Section        0  main.o(i.App_HandleGestureEnrollByte)
    App_HandleGestureEnrollByte              0x08000291   Thumb Code   104  main.o(i.App_HandleGestureEnrollByte)
    i.App_HandleGestureEnrollTimer           0x080002fc   Section        0  main.o(i.App_HandleGestureEnrollTimer)
    App_HandleGestureEnrollTimer             0x080002fd   Thumb Code    68  main.o(i.App_HandleGestureEnrollTimer)
    i.App_HandleGestureInvalid               0x08000344   Section        0  main.o(i.App_HandleGestureInvalid)
    App_HandleGestureInvalid                 0x08000345   Thumb Code    24  main.o(i.App_HandleGestureInvalid)
    i.App_HandleRfidEvents                   0x08000360   Section        0  main.o(i.App_HandleRfidEvents)
    App_HandleRfidEvents                     0x08000361   Thumb Code   204  main.o(i.App_HandleRfidEvents)
    i.App_HandleTextCommand                  0x08000430   Section        0  main.o(i.App_HandleTextCommand)
    App_HandleTextCommand                    0x08000431   Thumb Code   250  main.o(i.App_HandleTextCommand)
    i.App_HandleUnlockByte                   0x08000574   Section        0  main.o(i.App_HandleUnlockByte)
    App_HandleUnlockByte                     0x08000575   Thumb Code   130  main.o(i.App_HandleUnlockByte)
    i.App_LockAndShow                        0x080005fc   Section        0  main.o(i.App_LockAndShow)
    App_LockAndShow                          0x080005fd   Thumb Code    60  main.o(i.App_LockAndShow)
    i.App_OpenHomeItem                       0x0800063c   Section        0  main.o(i.App_OpenHomeItem)
    App_OpenHomeItem                         0x0800063d   Thumb Code    60  main.o(i.App_OpenHomeItem)
    i.App_ReturnHome                         0x0800067c   Section        0  main.o(i.App_ReturnHome)
    App_ReturnHome                           0x0800067d   Thumb Code    42  main.o(i.App_ReturnHome)
    i.App_StringEquals                       0x080006ac   Section        0  main.o(i.App_StringEquals)
    App_StringEquals                         0x080006ad   Thumb Code    34  main.o(i.App_StringEquals)
    i.BusFault_Handler                       0x080006ce   Section        0  stm32f1xx_it.o(i.BusFault_Handler)
    i.DebugMon_Handler                       0x080006d0   Section        0  stm32f1xx_it.o(i.DebugMon_Handler)
    i.Error_Handler                          0x080006d2   Section        0  main.o(i.Error_Handler)
    i.HAL_DMA_Abort                          0x080006d6   Section        0  stm32f1xx_hal_dma.o(i.HAL_DMA_Abort)
    i.HAL_DMA_Abort_IT                       0x0800071c   Section        0  stm32f1xx_hal_dma.o(i.HAL_DMA_Abort_IT)
    i.HAL_Delay                              0x080007b4   Section        0  stm32f1xx_hal.o(i.HAL_Delay)
    i.HAL_GPIO_Init                          0x080007d8   Section        0  stm32f1xx_hal_gpio.o(i.HAL_GPIO_Init)
    i.HAL_GPIO_WritePin                      0x080009b8   Section        0  stm32f1xx_hal_gpio.o(i.HAL_GPIO_WritePin)
    i.HAL_GetTick                            0x080009c4   Section        0  stm32f1xx_hal.o(i.HAL_GetTick)
    i.HAL_IncTick                            0x080009d0   Section        0  stm32f1xx_hal.o(i.HAL_IncTick)
    i.HAL_Init                               0x080009e0   Section        0  stm32f1xx_hal.o(i.HAL_Init)
    i.HAL_InitTick                           0x08000a04   Section        0  stm32f1xx_hal.o(i.HAL_InitTick)
    i.HAL_MspInit                            0x08000a44   Section        0  stm32f1xx_hal_msp.o(i.HAL_MspInit)
    i.HAL_NVIC_EnableIRQ                     0x08000a80   Section        0  stm32f1xx_hal_cortex.o(i.HAL_NVIC_EnableIRQ)
    i.HAL_NVIC_SetPriority                   0x08000a9c   Section        0  stm32f1xx_hal_cortex.o(i.HAL_NVIC_SetPriority)
    i.HAL_NVIC_SetPriorityGrouping           0x08000adc   Section        0  stm32f1xx_hal_cortex.o(i.HAL_NVIC_SetPriorityGrouping)
    i.HAL_RCC_ClockConfig                    0x08000b00   Section        0  stm32f1xx_hal_rcc.o(i.HAL_RCC_ClockConfig)
    i.HAL_RCC_GetPCLK1Freq                   0x08000c2c   Section        0  stm32f1xx_hal_rcc.o(i.HAL_RCC_GetPCLK1Freq)
    i.HAL_RCC_GetPCLK2Freq                   0x08000c4c   Section        0  stm32f1xx_hal_rcc.o(i.HAL_RCC_GetPCLK2Freq)
    i.HAL_RCC_GetSysClockFreq                0x08000c6c   Section        0  stm32f1xx_hal_rcc.o(i.HAL_RCC_GetSysClockFreq)
    i.HAL_RCC_OscConfig                      0x08000cb8   Section        0  stm32f1xx_hal_rcc.o(i.HAL_RCC_OscConfig)
    i.HAL_SPI_Init                           0x08000fd8   Section        0  stm32f1xx_hal_spi.o(i.HAL_SPI_Init)
    i.HAL_SPI_MspInit                        0x0800108c   Section        0  spi.o(i.HAL_SPI_MspInit)
    i.HAL_SPI_Transmit                       0x080010e8   Section        0  stm32f1xx_hal_spi.o(i.HAL_SPI_Transmit)
    i.HAL_SYSTICK_Config                     0x0800124e   Section        0  stm32f1xx_hal_cortex.o(i.HAL_SYSTICK_Config)
    i.HAL_TIMEx_MasterConfigSynchronization  0x08001278   Section        0  stm32f1xx_hal_tim_ex.o(i.HAL_TIMEx_MasterConfigSynchronization)
    i.HAL_TIM_Base_Init                      0x080012e0   Section        0  stm32f1xx_hal_tim.o(i.HAL_TIM_Base_Init)
    i.HAL_TIM_Base_MspInit                   0x0800133c   Section        0  tim.o(i.HAL_TIM_Base_MspInit)
    i.HAL_TIM_ConfigClockSource              0x08001378   Section        0  stm32f1xx_hal_tim.o(i.HAL_TIM_ConfigClockSource)
    i.HAL_TIM_MspPostInit                    0x08001454   Section        0  tim.o(i.HAL_TIM_MspPostInit)
    i.HAL_TIM_PWM_ConfigChannel              0x080014c8   Section        0  stm32f1xx_hal_tim.o(i.HAL_TIM_PWM_ConfigChannel)
    i.HAL_TIM_PWM_Init                       0x08001594   Section        0  stm32f1xx_hal_tim.o(i.HAL_TIM_PWM_Init)
    i.HAL_TIM_PWM_MspInit                    0x080015ee   Section        0  stm32f1xx_hal_tim.o(i.HAL_TIM_PWM_MspInit)
    i.HAL_TIM_PWM_Start                      0x080015f0   Section        0  stm32f1xx_hal_tim.o(i.HAL_TIM_PWM_Start)
    i.HAL_UARTEx_RxEventCallback             0x0800168c   Section        0  stm32f1xx_hal_uart.o(i.HAL_UARTEx_RxEventCallback)
    i.HAL_UART_ErrorCallback                 0x08001690   Section        0  main.o(i.HAL_UART_ErrorCallback)
    i.HAL_UART_IRQHandler                    0x080016b0   Section        0  stm32f1xx_hal_uart.o(i.HAL_UART_IRQHandler)
    i.HAL_UART_Init                          0x0800191c   Section        0  stm32f1xx_hal_uart.o(i.HAL_UART_Init)
    i.HAL_UART_MspInit                       0x08001980   Section        0  usart.o(i.HAL_UART_MspInit)
    i.HAL_UART_Receive_IT                    0x08001a58   Section        0  stm32f1xx_hal_uart.o(i.HAL_UART_Receive_IT)
    i.HAL_UART_RxCpltCallback                0x08001a74   Section        0  main.o(i.HAL_UART_RxCpltCallback)
    i.HAL_UART_TxCpltCallback                0x08001ab0   Section        0  stm32f1xx_hal_uart.o(i.HAL_UART_TxCpltCallback)
    i.HardFault_Handler                      0x08001ab2   Section        0  stm32f1xx_it.o(i.HardFault_Handler)
    i.MX_GPIO_Init                           0x08001ab4   Section        0  gpio.o(i.MX_GPIO_Init)
    i.MX_SPI1_Init                           0x08001b34   Section        0  spi.o(i.MX_SPI1_Init)
    i.MX_TIM2_Init                           0x08001b7c   Section        0  tim.o(i.MX_TIM2_Init)
    i.MX_TIM4_Init                           0x08001c14   Section        0  tim.o(i.MX_TIM4_Init)
    i.MX_USART1_UART_Init                    0x08001cb4   Section        0  usart.o(i.MX_USART1_UART_Init)
    i.MX_USART2_UART_Init                    0x08001cec   Section        0  usart.o(i.MX_USART2_UART_Init)
    i.MemManage_Handler                      0x08001d24   Section        0  stm32f1xx_it.o(i.MemManage_Handler)
    i.Motor_SetSpeed                         0x08001d28   Section        0  main.o(i.Motor_SetSpeed)
    i.NMI_Handler                            0x08001d68   Section        0  stm32f1xx_it.o(i.NMI_Handler)
    i.OLED_AnimateHomeSelection              0x08001d6a   Section        0  oled.o(i.OLED_AnimateHomeSelection)
    i.OLED_DrawDigitSmall                    0x08001dd4   Section        0  oled.o(i.OLED_DrawDigitSmall)
    OLED_DrawDigitSmall                      0x08001dd5   Thumb Code   196  oled.o(i.OLED_DrawDigitSmall)
    i.OLED_DrawDoorIcon                      0x08001e9c   Section        0  oled.o(i.OLED_DrawDoorIcon)
    OLED_DrawDoorIcon                        0x08001e9d   Thumb Code   206  oled.o(i.OLED_DrawDoorIcon)
    i.OLED_DrawFanIcon                       0x08001f6a   Section        0  oled.o(i.OLED_DrawFanIcon)
    OLED_DrawFanIcon                         0x08001f6b   Thumb Code   132  oled.o(i.OLED_DrawFanIcon)
    i.OLED_DrawFrame                         0x08001fee   Section        0  oled.o(i.OLED_DrawFrame)
    OLED_DrawFrame                           0x08001fef   Thumb Code    80  oled.o(i.OLED_DrawFrame)
    i.OLED_DrawGestureIcon                   0x08002040   Section        0  oled.o(i.OLED_DrawGestureIcon)
    OLED_DrawGestureIcon                     0x08002041   Thumb Code   144  oled.o(i.OLED_DrawGestureIcon)
    i.OLED_DrawGlyph16                       0x080020d0   Section        0  oled.o(i.OLED_DrawGlyph16)
    OLED_DrawGlyph16                         0x080020d1   Thumb Code   118  oled.o(i.OLED_DrawGlyph16)
    i.OLED_DrawGlyph16Scaled24               0x0800214c   Section        0  oled.o(i.OLED_DrawGlyph16Scaled24)
    OLED_DrawGlyph16Scaled24                 0x0800214d   Thumb Code   148  oled.o(i.OLED_DrawGlyph16Scaled24)
    i.OLED_DrawGlyph24                       0x080021e4   Section        0  oled.o(i.OLED_DrawGlyph24)
    OLED_DrawGlyph24                         0x080021e5   Thumb Code   118  oled.o(i.OLED_DrawGlyph24)
    i.OLED_DrawHomeFrame                     0x08002260   Section        0  oled.o(i.OLED_DrawHomeFrame)
    OLED_DrawHomeFrame                       0x08002261   Thumb Code   566  oled.o(i.OLED_DrawHomeFrame)
    i.OLED_DrawLockIcon                      0x0800249c   Section        0  oled.o(i.OLED_DrawLockIcon)
    OLED_DrawLockIcon                        0x0800249d   Thumb Code   170  oled.o(i.OLED_DrawLockIcon)
    i.OLED_DrawRfidIcon                      0x08002546   Section        0  oled.o(i.OLED_DrawRfidIcon)
    OLED_DrawRfidIcon                        0x08002547   Thumb Code   120  oled.o(i.OLED_DrawRfidIcon)
    i.OLED_DrawText16                        0x080025be   Section        0  oled.o(i.OLED_DrawText16)
    OLED_DrawText16                          0x080025bf   Thumb Code    52  oled.o(i.OLED_DrawText16)
    i.OLED_Fill                              0x080025f2   Section        0  oled.o(i.OLED_Fill)
    i.OLED_FillRect                          0x08002604   Section        0  oled.o(i.OLED_FillRect)
    OLED_FillRect                            0x08002605   Thumb Code   122  oled.o(i.OLED_FillRect)
    i.OLED_FillRectSigned                    0x0800267e   Section        0  oled.o(i.OLED_FillRectSigned)
    OLED_FillRectSigned                      0x0800267f   Thumb Code    94  oled.o(i.OLED_FillRectSigned)
    i.OLED_Init                              0x080026dc   Section        0  oled.o(i.OLED_Init)
    i.OLED_PlayBootAnimation                 0x08002908   Section        0  oled.o(i.OLED_PlayBootAnimation)
    i.OLED_SetAddressWindow                  0x080029bc   Section        0  oled.o(i.OLED_SetAddressWindow)
    OLED_SetAddressWindow                    0x080029bd   Thumb Code    90  oled.o(i.OLED_SetAddressWindow)
    i.OLED_ShowGestureEnrollPage             0x08002a16   Section        0  oled.o(i.OLED_ShowGestureEnrollPage)
    i.OLED_ShowHomePage                      0x08002b80   Section        0  oled.o(i.OLED_ShowHomePage)
    i.OLED_ShowLockInputPage                 0x08002b98   Section        0  oled.o(i.OLED_ShowLockInputPage)
    i.OLED_ShowLockPage                      0x08002c9c   Section        0  oled.o(i.OLED_ShowLockPage)
    i.OLED_ShowModifySuccessPage             0x08002ca8   Section        0  oled.o(i.OLED_ShowModifySuccessPage)
    i.OLED_ShowMotorPage                     0x08002cec   Section        0  oled.o(i.OLED_ShowMotorPage)
    i.OLED_ShowRfidEnrollPage                0x08002da4   Section        0  oled.o(i.OLED_ShowRfidEnrollPage)
    i.OLED_ShowRfidEnrollSuccessPage         0x08002e0c   Section        0  oled.o(i.OLED_ShowRfidEnrollSuccessPage)
    i.OLED_ShowServoPage                     0x08002e50   Section        0  oled.o(i.OLED_ShowServoPage)
    i.OLED_ShowUnlockDeniedPage              0x08002eec   Section        0  oled.o(i.OLED_ShowUnlockDeniedPage)
    i.OLED_ShowUnlockSuccessPage             0x08002f60   Section        0  oled.o(i.OLED_ShowUnlockSuccessPage)
    i.OLED_UpdateMotorState                  0x08002fa0   Section        0  oled.o(i.OLED_UpdateMotorState)
    i.OLED_UpdateServoState                  0x08002ff6   Section        0  oled.o(i.OLED_UpdateServoState)
    i.OLED_WriteCommand                      0x0800304c   Section        0  oled.o(i.OLED_WriteCommand)
    OLED_WriteCommand                        0x0800304d   Thumb Code    54  oled.o(i.OLED_WriteCommand)
    i.OLED_WriteData                         0x0800308c   Section        0  oled.o(i.OLED_WriteData)
    OLED_WriteData                           0x0800308d   Thumb Code    54  oled.o(i.OLED_WriteData)
    i.OLED_WriteDataBuffer                   0x080030cc   Section        0  oled.o(i.OLED_WriteDataBuffer)
    OLED_WriteDataBuffer                     0x080030cd   Thumb Code    62  oled.o(i.OLED_WriteDataBuffer)
    i.PendSV_Handler                         0x08003114   Section        0  stm32f1xx_it.o(i.PendSV_Handler)
    i.RFID_HandleCard                        0x08003118   Section        0  rfid_reader.o(i.RFID_HandleCard)
    RFID_HandleCard                          0x08003119   Thumb Code   106  rfid_reader.o(i.RFID_HandleCard)
    i.RFID_Init                              0x08003188   Section        0  rfid_reader.o(i.RFID_Init)
    i.RFID_Lock                              0x080031b8   Section        0  rfid_reader.o(i.RFID_Lock)
    i.RFID_PollEvent                         0x080031cc   Section        0  rfid_reader.o(i.RFID_PollEvent)
    i.RFID_ProcessByte                       0x080031f8   Section        0  rfid_reader.o(i.RFID_ProcessByte)
    i.RFID_StartEnroll                       0x08003264   Section        0  rfid_reader.o(i.RFID_StartEnroll)
    i.SPI_EndRxTxTransaction                 0x08003278   Section        0  stm32f1xx_hal_spi.o(i.SPI_EndRxTxTransaction)
    SPI_EndRxTxTransaction                   0x08003279   Thumb Code    52  stm32f1xx_hal_spi.o(i.SPI_EndRxTxTransaction)
    i.SPI_WaitFlagStateUntilTimeout          0x080032ac   Section        0  stm32f1xx_hal_spi.o(i.SPI_WaitFlagStateUntilTimeout)
    SPI_WaitFlagStateUntilTimeout            0x080032ad   Thumb Code   180  stm32f1xx_hal_spi.o(i.SPI_WaitFlagStateUntilTimeout)
    i.SVC_Handler                            0x08003364   Section        0  stm32f1xx_it.o(i.SVC_Handler)
    i.Servo_SetDoor                          0x08003368   Section        0  main.o(i.Servo_SetDoor)
    Servo_SetDoor                            0x08003369   Thumb Code    56  main.o(i.Servo_SetDoor)
    i.SysTick_Handler                        0x080033a8   Section        0  stm32f1xx_it.o(i.SysTick_Handler)
    i.SystemClock_Config                     0x080033ac   Section        0  main.o(i.SystemClock_Config)
    i.SystemInit                             0x0800340a   Section        0  system_stm32f1xx.o(i.SystemInit)
    i.TIM_Base_SetConfig                     0x0800340c   Section        0  stm32f1xx_hal_tim.o(i.TIM_Base_SetConfig)
    i.TIM_CCxChannelCmd                      0x08003484   Section        0  stm32f1xx_hal_tim.o(i.TIM_CCxChannelCmd)
    i.TIM_ETR_SetConfig                      0x0800349e   Section        0  stm32f1xx_hal_tim.o(i.TIM_ETR_SetConfig)
    i.TIM_ITRx_SetConfig                     0x080034b2   Section        0  stm32f1xx_hal_tim.o(i.TIM_ITRx_SetConfig)
    TIM_ITRx_SetConfig                       0x080034b3   Thumb Code    16  stm32f1xx_hal_tim.o(i.TIM_ITRx_SetConfig)
    i.TIM_OC1_SetConfig                      0x080034c4   Section        0  stm32f1xx_hal_tim.o(i.TIM_OC1_SetConfig)
    TIM_OC1_SetConfig                        0x080034c5   Thumb Code    74  stm32f1xx_hal_tim.o(i.TIM_OC1_SetConfig)
    i.TIM_OC2_SetConfig                      0x08003514   Section        0  stm32f1xx_hal_tim.o(i.TIM_OC2_SetConfig)
    i.TIM_OC3_SetConfig                      0x0800356c   Section        0  stm32f1xx_hal_tim.o(i.TIM_OC3_SetConfig)
    TIM_OC3_SetConfig                        0x0800356d   Thumb Code    82  stm32f1xx_hal_tim.o(i.TIM_OC3_SetConfig)
    i.TIM_OC4_SetConfig                      0x080035c4   Section        0  stm32f1xx_hal_tim.o(i.TIM_OC4_SetConfig)
    TIM_OC4_SetConfig                        0x080035c5   Thumb Code    64  stm32f1xx_hal_tim.o(i.TIM_OC4_SetConfig)
    i.TIM_TI1_ConfigInputStage               0x08003608   Section        0  stm32f1xx_hal_tim.o(i.TIM_TI1_ConfigInputStage)
    TIM_TI1_ConfigInputStage                 0x08003609   Thumb Code    34  stm32f1xx_hal_tim.o(i.TIM_TI1_ConfigInputStage)
    i.TIM_TI2_ConfigInputStage               0x0800362a   Section        0  stm32f1xx_hal_tim.o(i.TIM_TI2_ConfigInputStage)
    TIM_TI2_ConfigInputStage                 0x0800362b   Thumb Code    36  stm32f1xx_hal_tim.o(i.TIM_TI2_ConfigInputStage)
    i.UART1_ProcessRxByte                    0x08003650   Section        0  main.o(i.UART1_ProcessRxByte)
    UART1_ProcessRxByte                      0x08003651   Thumb Code   408  main.o(i.UART1_ProcessRxByte)
    i.UART1_StartReceive                     0x08003830   Section        0  main.o(i.UART1_StartReceive)
    UART1_StartReceive                       0x08003831   Thumb Code    10  main.o(i.UART1_StartReceive)
    i.UART2_StartReceive                     0x08003844   Section        0  main.o(i.UART2_StartReceive)
    UART2_StartReceive                       0x08003845   Thumb Code    10  main.o(i.UART2_StartReceive)
    i.UART_DMAAbortOnError                   0x08003858   Section        0  stm32f1xx_hal_uart.o(i.UART_DMAAbortOnError)
    UART_DMAAbortOnError                     0x08003859   Thumb Code    16  stm32f1xx_hal_uart.o(i.UART_DMAAbortOnError)
    i.UART_EndRxTransfer                     0x08003868   Section        0  stm32f1xx_hal_uart.o(i.UART_EndRxTransfer)
    UART_EndRxTransfer                       0x08003869   Thumb Code    78  stm32f1xx_hal_uart.o(i.UART_EndRxTransfer)
    i.UART_Receive_IT                        0x080038b6   Section        0  stm32f1xx_hal_uart.o(i.UART_Receive_IT)
    UART_Receive_IT                          0x080038b7   Thumb Code   194  stm32f1xx_hal_uart.o(i.UART_Receive_IT)
    i.UART_SetConfig                         0x08003978   Section        0  stm32f1xx_hal_uart.o(i.UART_SetConfig)
    UART_SetConfig                           0x08003979   Thumb Code   178  stm32f1xx_hal_uart.o(i.UART_SetConfig)
    i.UART_Start_Receive_IT                  0x08003a30   Section        0  stm32f1xx_hal_uart.o(i.UART_Start_Receive_IT)
    i.USART1_IRQHandler                      0x08003a68   Section        0  stm32f1xx_it.o(i.USART1_IRQHandler)
    i.USART2_IRQHandler                      0x08003a74   Section        0  stm32f1xx_it.o(i.USART2_IRQHandler)
    i.UsageFault_Handler                     0x08003a80   Section        0  stm32f1xx_it.o(i.UsageFault_Handler)
    i.__NVIC_SetPriority                     0x08003a82   Section        0  stm32f1xx_hal_cortex.o(i.__NVIC_SetPriority)
    __NVIC_SetPriority                       0x08003a83   Thumb Code    32  stm32f1xx_hal_cortex.o(i.__NVIC_SetPriority)
    i.main                                   0x08003aa4   Section        0  main.o(i.main)
    .constdata                               0x08003c3c   Section     1944  oled.o(.constdata)
    motor_label                              0x08003c3c   Data           2  oled.o(.constdata)
    servo_label                              0x08003c3e   Data           2  oled.o(.constdata)
    gesture_label                            0x08003c40   Data           2  oled.o(.constdata)
    rfid_label                               0x08003c42   Data           3  oled.o(.constdata)
    title_top                                0x08003c45   Data           4  oled.o(.constdata)
    title_bottom                             0x08003c49   Data           4  oled.o(.constdata)
    title_top                                0x08003c4d   Data           4  oled.o(.constdata)
    title_bottom                             0x08003c51   Data           4  oled.o(.constdata)
    title_top                                0x08003c55   Data           4  oled.o(.constdata)
    title                                    0x08003c59   Data           4  oled.o(.constdata)
    title                                    0x08003c5d   Data           4  oled.o(.constdata)
    title                                    0x08003c61   Data           5  oled.o(.constdata)
    digit_segments                           0x08003c66   Data           6  oled.o(.constdata)
    title                                    0x08003c6c   Data           8  oled.o(.constdata)
    oled_hanzi_24x24                         0x08003c74   Data        1152  oled.o(.constdata)
    oled_hanzi_16x16                         0x080040f4   Data         736  oled.o(.constdata)
    .constdata                               0x080043d4   Section       18  stm32f1xx_hal_rcc.o(.constdata)
    aPredivFactorTable                       0x080043d4   Data           2  stm32f1xx_hal_rcc.o(.constdata)
    aPLLMULFactorTable                       0x080043d6   Data          16  stm32f1xx_hal_rcc.o(.constdata)
    .constdata                               0x080043e6   Section       16  system_stm32f1xx.o(.constdata)
    .constdata                               0x080043f6   Section        8  system_stm32f1xx.o(.constdata)
    .conststring                             0x08004400   Section       65  main.o(.conststring)
    .data                                    0x20000000   Section       96  main.o(.data)
    motor_display_state                      0x20000000   Data           1  main.o(.data)
    motor_display_pending                    0x20000001   Data           1  main.o(.data)
    app_page                                 0x20000002   Data           1  main.o(.data)
    home_selection                           0x20000003   Data           1  main.o(.data)
    home_selection_old                       0x20000004   Data           1  main.o(.data)
    home_transition_pending                  0x20000005   Data           1  main.o(.data)
    page_redraw_pending                      0x20000006   Data           1  main.o(.data)
    servo_door_state                         0x20000007   Data           1  main.o(.data)
    servo_display_pending                    0x20000008   Data           1  main.o(.data)
    access_unlocked                          0x20000009   Data           1  main.o(.data)
    access_unlock_pending                    0x2000000a   Data           1  main.o(.data)
    unlock_code_index                        0x2000000b   Data           1  main.o(.data)
    lock_error_pending                       0x2000000c   Data           1  main.o(.data)
    access_message_pending                   0x2000000d   Data           1  main.o(.data)
    access_message_mode                      0x2000000e   Data           1  main.o(.data)
    uart_cmd_len                             0x2000000f   Data           1  main.o(.data)
    gesture_enroll_index                     0x20000010   Data           1  main.o(.data)
    gesture_enroll_recording                 0x20000011   Data           1  main.o(.data)
    gesture_enroll_countdown                 0x20000012   Data           1  main.o(.data)
    uart1_rx_byte                            0x20000013   Data           1  main.o(.data)
    uart2_rx_byte                            0x20000014   Data           1  main.o(.data)
    servo_display_due_tick                   0x20000018   Data           4  main.o(.data)
    lock_error_due_tick                      0x2000001c   Data           4  main.o(.data)
    access_message_due_tick                  0x20000020   Data           4  main.o(.data)
    unlock_code                              0x20000024   Data           4  main.o(.data)
    gesture_enroll_due_tick                  0x20000028   Data           4  main.o(.data)
    unlock_input_code                        0x2000002c   Data           4  main.o(.data)
    gesture_enroll_code                      0x20000030   Data           4  main.o(.data)
    uart_cmd_buffer                          0x20000034   Data           8  main.o(.data)
    known_commands                           0x2000003c   Data          36  main.o(.data)
    .data                                    0x20000060   Section       18  rfid_reader.o(.data)
    rfid_card_saved                          0x20000060   Data           1  rfid_reader.o(.data)
    rfid_enroll_mode                         0x20000061   Data           1  rfid_reader.o(.data)
    rfid_index                               0x20000062   Data           1  rfid_reader.o(.data)
    rfid_retry_count                         0x20000063   Data           1  rfid_reader.o(.data)
    rfid_unlocked                            0x20000064   Data           1  rfid_reader.o(.data)
    rfid_event                               0x20000065   Data           1  rfid_reader.o(.data)
    rfid_card                                0x20000066   Data           4  rfid_reader.o(.data)
    rfid_temp                                0x2000006a   Data           4  rfid_reader.o(.data)
    rfid_last_card                           0x2000006e   Data           4  rfid_reader.o(.data)
    .data                                    0x20000074   Section       12  stm32f1xx_hal.o(.data)
    .data                                    0x20000080   Section        4  system_stm32f1xx.o(.data)
    .bss                                     0x20000084   Section       88  spi.o(.bss)
    .bss                                     0x200000dc   Section      144  tim.o(.bss)
    .bss                                     0x2000016c   Section      144  usart.o(.bss)
    .bss                                     0x200001fc   Section       96  libspace.o(.bss)
    HEAP                                     0x20000260   Section      512  startup_stm32f103xb.o(HEAP)
    Heap_Mem                                 0x20000260   Data         512  startup_stm32f103xb.o(HEAP)
    STACK                                    0x20000460   Section     1024  startup_stm32f103xb.o(STACK)
    Stack_Mem                                0x20000460   Data        1024  startup_stm32f103xb.o(STACK)
    __initial_sp                             0x20000860   Data           0  startup_stm32f103xb.o(STACK)

    Global Symbols

    Symbol Name                              Value     Ov Type        Size  Object(Section)

    BuildAttributes$$THM_ISAv4$P$D$K$B$S$PE$A:L22UL41UL21$X:L11$S22US41US21$IEEE1$IW$USESV6$~STKCKD$USESV7$~SHL$OSPACE$ROPI$EBA8$UX$STANDARDLIB$REQ8$PRES8$EABIv2 0x00000000   Number         0  anon$$obj.o ABSOLUTE
    __ARM_use_no_argv                        0x00000000   Number         0  main.o ABSOLUTE
    __ARM_exceptions_init                     - Undefined Weak Reference
    __alloca_initialize                       - Undefined Weak Reference
    __arm_preinit_                            - Undefined Weak Reference
    __cpp_initialize__aeabi_                  - Undefined Weak Reference
    __cxa_finalize                            - Undefined Weak Reference
    __rt_locale                               - Undefined Weak Reference
    __sigvec_lookup                           - Undefined Weak Reference
    _atexit_init                              - Undefined Weak Reference
    _call_atexit_fns                          - Undefined Weak Reference
    _clock_init                               - Undefined Weak Reference
    _fp_trap_init                             - Undefined Weak Reference
    _fp_trap_shutdown                         - Undefined Weak Reference
    _get_lc_collate                           - Undefined Weak Reference
    _get_lc_ctype                             - Undefined Weak Reference
    _get_lc_monetary                          - Undefined Weak Reference
    _get_lc_numeric                           - Undefined Weak Reference
    _get_lc_time                              - Undefined Weak Reference
    _getenv_init                              - Undefined Weak Reference
    _handle_redirection                       - Undefined Weak Reference
    _init_alloc                               - Undefined Weak Reference
    _init_user_alloc                          - Undefined Weak Reference
    _initio                                   - Undefined Weak Reference
    _rand_init                                - Undefined Weak Reference
    _signal_finish                            - Undefined Weak Reference
    _signal_init                              - Undefined Weak Reference
    _terminate_alloc                          - Undefined Weak Reference
    _terminate_user_alloc                     - Undefined Weak Reference
    _terminateio                              - Undefined Weak Reference
    __Vectors_Size                           0x000000ec   Number         0  startup_stm32f103xb.o ABSOLUTE
    __Vectors                                0x08000000   Data           4  startup_stm32f103xb.o(RESET)
    __Vectors_End                            0x080000ec   Data           0  startup_stm32f103xb.o(RESET)
    __main                                   0x080000ed   Thumb Code     8  __main.o(!!!main)
    __scatterload                            0x080000f5   Thumb Code     0  __scatter.o(!!!scatter)
    __scatterload_rt2                        0x080000f5   Thumb Code    44  __scatter.o(!!!scatter)
    __scatterload_rt2_thumb_only             0x080000f5   Thumb Code     0  __scatter.o(!!!scatter)
    __scatterload_null                       0x08000103   Thumb Code     0  __scatter.o(!!!scatter)
    __scatterload_copy                       0x08000129   Thumb Code    26  __scatter_copy.o(!!handler_copy)
    __scatterload_zeroinit                   0x08000145   Thumb Code    28  __scatter_zi.o(!!handler_zi)
    __rt_lib_init                            0x08000161   Thumb Code     0  libinit.o(.ARM.Collect$$libinit$$00000000)
    __rt_lib_init_alloca_1                   0x08000163   Thumb Code     0  libinit2.o(.ARM.Collect$$libinit$$0000002E)
    __rt_lib_init_argv_1                     0x08000163   Thumb Code     0  libinit2.o(.ARM.Collect$$libinit$$0000002C)
    __rt_lib_init_atexit_1                   0x08000163   Thumb Code     0  libinit2.o(.ARM.Collect$$libinit$$0000001B)
    __rt_lib_init_clock_1                    0x08000163   Thumb Code     0  libinit2.o(.ARM.Collect$$libinit$$00000021)
    __rt_lib_init_cpp_1                      0x08000163   Thumb Code     0  libinit2.o(.ARM.Collect$$libinit$$00000032)
    __rt_lib_init_exceptions_1               0x08000163   Thumb Code     0  libinit2.o(.ARM.Collect$$libinit$$00000030)
    __rt_lib_init_fp_1                       0x08000163   Thumb Code     0  libinit2.o(.ARM.Collect$$libinit$$00000002)
    __rt_lib_init_fp_trap_1                  0x08000163   Thumb Code     0  libinit2.o(.ARM.Collect$$libinit$$0000001F)
    __rt_lib_init_getenv_1                   0x08000163   Thumb Code     0  libinit2.o(.ARM.Collect$$libinit$$00000023)
    __rt_lib_init_heap_1                     0x08000163   Thumb Code     0  libinit2.o(.ARM.Collect$$libinit$$0000000A)
    __rt_lib_init_lc_collate_1               0x08000163   Thumb Code     0  libinit2.o(.ARM.Collect$$libinit$$00000011)
    __rt_lib_init_lc_ctype_1                 0x08000163   Thumb Code     0  libinit2.o(.ARM.Collect$$libinit$$00000013)
    __rt_lib_init_lc_monetary_1              0x08000163   Thumb Code     0  libinit2.o(.ARM.Collect$$libinit$$00000015)
    __rt_lib_init_lc_numeric_1               0x08000163   Thumb Code     0  libinit2.o(.ARM.Collect$$libinit$$00000017)
    __rt_lib_init_lc_time_1                  0x08000163   Thumb Code     0  libinit2.o(.ARM.Collect$$libinit$$00000019)
    __rt_lib_init_preinit_1                  0x08000163   Thumb Code     0  libinit2.o(.ARM.Collect$$libinit$$00000004)
    __rt_lib_init_rand_1                     0x08000163   Thumb Code     0  libinit2.o(.ARM.Collect$$libinit$$0000000E)
    __rt_lib_init_return                     0x08000163   Thumb Code     0  libinit2.o(.ARM.Collect$$libinit$$00000033)
    __rt_lib_init_signal_1                   0x08000163   Thumb Code     0  libinit2.o(.ARM.Collect$$libinit$$0000001D)
    __rt_lib_init_stdio_1                    0x08000163   Thumb Code     0  libinit2.o(.ARM.Collect$$libinit$$00000025)
    __rt_lib_init_user_alloc_1               0x08000163   Thumb Code     0  libinit2.o(.ARM.Collect$$libinit$$0000000C)
    __rt_lib_shutdown                        0x08000165   Thumb Code     0  libshutdown.o(.ARM.Collect$$libshutdown$$00000000)
    __rt_lib_shutdown_cpp_1                  0x08000167   Thumb Code     0  libshutdown2.o(.ARM.Collect$$libshutdown$$00000002)
    __rt_lib_shutdown_fp_trap_1              0x08000167   Thumb Code     0  libshutdown2.o(.ARM.Collect$$libshutdown$$00000007)
    __rt_lib_shutdown_heap_1                 0x08000167   Thumb Code     0  libshutdown2.o(.ARM.Collect$$libshutdown$$0000000F)
    __rt_lib_shutdown_return                 0x08000167   Thumb Code     0  libshutdown2.o(.ARM.Collect$$libshutdown$$00000010)
    __rt_lib_shutdown_signal_1               0x08000167   Thumb Code     0  libshutdown2.o(.ARM.Collect$$libshutdown$$0000000A)
    __rt_lib_shutdown_stdio_1                0x08000167   Thumb Code     0  libshutdown2.o(.ARM.Collect$$libshutdown$$00000004)
    __rt_lib_shutdown_user_alloc_1           0x08000167   Thumb Code     0  libshutdown2.o(.ARM.Collect$$libshutdown$$0000000C)
    __rt_entry                               0x08000169   Thumb Code     0  __rtentry.o(.ARM.Collect$$rtentry$$00000000)
    __rt_entry_presh_1                       0x08000169   Thumb Code     0  __rtentry2.o(.ARM.Collect$$rtentry$$00000002)
    __rt_entry_sh                            0x08000169   Thumb Code     0  __rtentry4.o(.ARM.Collect$$rtentry$$00000004)
    __rt_entry_li                            0x0800016f   Thumb Code     0  __rtentry2.o(.ARM.Collect$$rtentry$$0000000A)
    __rt_entry_postsh_1                      0x0800016f   Thumb Code     0  __rtentry2.o(.ARM.Collect$$rtentry$$00000009)
    __rt_entry_main                          0x08000173   Thumb Code     0  __rtentry2.o(.ARM.Collect$$rtentry$$0000000D)
    __rt_entry_postli_1                      0x08000173   Thumb Code     0  __rtentry2.o(.ARM.Collect$$rtentry$$0000000C)
    __rt_exit                                0x0800017b   Thumb Code     0  rtexit.o(.ARM.Collect$$rtexit$$00000000)
    __rt_exit_ls                             0x0800017d   Thumb Code     0  rtexit2.o(.ARM.Collect$$rtexit$$00000003)
    __rt_exit_prels_1                        0x0800017d   Thumb Code     0  rtexit2.o(.ARM.Collect$$rtexit$$00000002)
    __rt_exit_exit                           0x08000181   Thumb Code     0  rtexit2.o(.ARM.Collect$$rtexit$$00000004)
    Reset_Handler                            0x08000189   Thumb Code     8  startup_stm32f103xb.o(.text)
    ADC1_2_IRQHandler                        0x080001a3   Thumb Code     0  startup_stm32f103xb.o(.text)
    CAN1_RX1_IRQHandler                      0x080001a3   Thumb Code     0  startup_stm32f103xb.o(.text)
    CAN1_SCE_IRQHandler                      0x080001a3   Thumb Code     0  startup_stm32f103xb.o(.text)
    DMA1_Channel1_IRQHandler                 0x080001a3   Thumb Code     0  startup_stm32f103xb.o(.text)
    DMA1_Channel2_IRQHandler                 0x080001a3   Thumb Code     0  startup_stm32f103xb.o(.text)
    DMA1_Channel3_IRQHandler                 0x080001a3   Thumb Code     0  startup_stm32f103xb.o(.text)
    DMA1_Channel4_IRQHandler                 0x080001a3   Thumb Code     0  startup_stm32f103xb.o(.text)
    DMA1_Channel5_IRQHandler                 0x080001a3   Thumb Code     0  startup_stm32f103xb.o(.text)
    DMA1_Channel6_IRQHandler                 0x080001a3   Thumb Code     0  startup_stm32f103xb.o(.text)
    DMA1_Channel7_IRQHandler                 0x080001a3   Thumb Code     0  startup_stm32f103xb.o(.text)
    EXTI0_IRQHandler                         0x080001a3   Thumb Code     0  startup_stm32f103xb.o(.text)
    EXTI15_10_IRQHandler                     0x080001a3   Thumb Code     0  startup_stm32f103xb.o(.text)
    EXTI1_IRQHandler                         0x080001a3   Thumb Code     0  startup_stm32f103xb.o(.text)
    EXTI2_IRQHandler                         0x080001a3   Thumb Code     0  startup_stm32f103xb.o(.text)
    EXTI3_IRQHandler                         0x080001a3   Thumb Code     0  startup_stm32f103xb.o(.text)
    EXTI4_IRQHandler                         0x080001a3   Thumb Code     0  startup_stm32f103xb.o(.text)
    EXTI9_5_IRQHandler                       0x080001a3   Thumb Code     0  startup_stm32f103xb.o(.text)
    FLASH_IRQHandler                         0x080001a3   Thumb Code     0  startup_stm32f103xb.o(.text)
    I2C1_ER_IRQHandler                       0x080001a3   Thumb Code     0  startup_stm32f103xb.o(.text)
    I2C1_EV_IRQHandler                       0x080001a3   Thumb Code     0  startup_stm32f103xb.o(.text)
    I2C2_ER_IRQHandler                       0x080001a3   Thumb Code     0  startup_stm32f103xb.o(.text)
    I2C2_EV_IRQHandler                       0x080001a3   Thumb Code     0  startup_stm32f103xb.o(.text)
    PVD_IRQHandler                           0x080001a3   Thumb Code     0  startup_stm32f103xb.o(.text)
    RCC_IRQHandler                           0x080001a3   Thumb Code     0  startup_stm32f103xb.o(.text)
    RTC_Alarm_IRQHandler                     0x080001a3   Thumb Code     0  startup_stm32f103xb.o(.text)
    RTC_IRQHandler                           0x080001a3   Thumb Code     0  startup_stm32f103xb.o(.text)
    SPI1_IRQHandler                          0x080001a3   Thumb Code     0  startup_stm32f103xb.o(.text)
    SPI2_IRQHandler                          0x080001a3   Thumb Code     0  startup_stm32f103xb.o(.text)
    TAMPER_IRQHandler                        0x080001a3   Thumb Code     0  startup_stm32f103xb.o(.text)
    TIM1_BRK_IRQHandler                      0x080001a3   Thumb Code     0  startup_stm32f103xb.o(.text)
    TIM1_CC_IRQHandler                       0x080001a3   Thumb Code     0  startup_stm32f103xb.o(.text)
    TIM1_TRG_COM_IRQHandler                  0x080001a3   Thumb Code     0  startup_stm32f103xb.o(.text)
    TIM1_UP_IRQHandler                       0x080001a3   Thumb Code     0  startup_stm32f103xb.o(.text)
    TIM2_IRQHandler                          0x080001a3   Thumb Code     0  startup_stm32f103xb.o(.text)
    TIM3_IRQHandler                          0x080001a3   Thumb Code     0  startup_stm32f103xb.o(.text)
    TIM4_IRQHandler                          0x080001a3   Thumb Code     0  startup_stm32f103xb.o(.text)
    USART3_IRQHandler                        0x080001a3   Thumb Code     0  startup_stm32f103xb.o(.text)
    USBWakeUp_IRQHandler                     0x080001a3   Thumb Code     0  startup_stm32f103xb.o(.text)
    USB_HP_CAN1_TX_IRQHandler                0x080001a3   Thumb Code     0  startup_stm32f103xb.o(.text)
    USB_LP_CAN1_RX0_IRQHandler               0x080001a3   Thumb Code     0  startup_stm32f103xb.o(.text)
    WWDG_IRQHandler                          0x080001a3   Thumb Code     0  startup_stm32f103xb.o(.text)
    __user_initial_stackheap                 0x080001a5   Thumb Code     0  startup_stm32f103xb.o(.text)
    __aeabi_memclr4                          0x080001c9   Thumb Code     0  rt_memclr_w.o(.text)
    __aeabi_memclr8                          0x080001c9   Thumb Code     0  rt_memclr_w.o(.text)
    __rt_memclr_w                            0x080001c9   Thumb Code    78  rt_memclr_w.o(.text)
    _memset_w                                0x080001cd   Thumb Code     0  rt_memclr_w.o(.text)
    __use_two_region_memory                  0x08000217   Thumb Code     2  heapauxi.o(.text)
    __rt_heap_escrow$2region                 0x08000219   Thumb Code     2  heapauxi.o(.text)
    __rt_heap_expand$2region                 0x0800021b   Thumb Code     2  heapauxi.o(.text)
    __user_setup_stackheap                   0x0800021d   Thumb Code    74  sys_stackheap_outer.o(.text)
    exit                                     0x08000267   Thumb Code    18  exit.o(.text)
    __user_libspace                          0x08000279   Thumb Code     8  libspace.o(.text)
    __user_perproc_libspace                  0x08000279   Thumb Code     0  libspace.o(.text)
    __user_perthread_libspace                0x08000279   Thumb Code     0  libspace.o(.text)
    _sys_exit                                0x08000281   Thumb Code     8  sys_exit.o(.text)
    __I$use$semihosting                      0x0800028d   Thumb Code     0  use_no_semi.o(.text)
    __use_no_semihosting_swi                 0x0800028d   Thumb Code     2  use_no_semi.o(.text)
    __semihosting_library_function           0x0800028f   Thumb Code     0  indicate_semi.o(.text)
    BusFault_Handler                         0x080006cf   Thumb Code     2  stm32f1xx_it.o(i.BusFault_Handler)
    DebugMon_Handler                         0x080006d1   Thumb Code     2  stm32f1xx_it.o(i.DebugMon_Handler)
    Error_Handler                            0x080006d3   Thumb Code     4  main.o(i.Error_Handler)
    HAL_DMA_Abort                            0x080006d7   Thumb Code    70  stm32f1xx_hal_dma.o(i.HAL_DMA_Abort)
    HAL_DMA_Abort_IT                         0x0800071d   Thumb Code   148  stm32f1xx_hal_dma.o(i.HAL_DMA_Abort_IT)
    HAL_Delay                                0x080007b5   Thumb Code    32  stm32f1xx_hal.o(i.HAL_Delay)
    HAL_GPIO_Init                            0x080007d9   Thumb Code   446  stm32f1xx_hal_gpio.o(i.HAL_GPIO_Init)
    HAL_GPIO_WritePin                        0x080009b9   Thumb Code    10  stm32f1xx_hal_gpio.o(i.HAL_GPIO_WritePin)
    HAL_GetTick                              0x080009c5   Thumb Code     6  stm32f1xx_hal.o(i.HAL_GetTick)
    HAL_IncTick                              0x080009d1   Thumb Code    12  stm32f1xx_hal.o(i.HAL_IncTick)
    HAL_Init                                 0x080009e1   Thumb Code    32  stm32f1xx_hal.o(i.HAL_Init)
    HAL_InitTick                             0x08000a05   Thumb Code    54  stm32f1xx_hal.o(i.HAL_InitTick)
    HAL_MspInit                              0x08000a45   Thumb Code    52  stm32f1xx_hal_msp.o(i.HAL_MspInit)
    HAL_NVIC_EnableIRQ                       0x08000a81   Thumb Code    26  stm32f1xx_hal_cortex.o(i.HAL_NVIC_EnableIRQ)
    HAL_NVIC_SetPriority                     0x08000a9d   Thumb Code    60  stm32f1xx_hal_cortex.o(i.HAL_NVIC_SetPriority)
    HAL_NVIC_SetPriorityGrouping             0x08000add   Thumb Code    26  stm32f1xx_hal_cortex.o(i.HAL_NVIC_SetPriorityGrouping)
    HAL_RCC_ClockConfig                      0x08000b01   Thumb Code   280  stm32f1xx_hal_rcc.o(i.HAL_RCC_ClockConfig)
    HAL_RCC_GetPCLK1Freq                     0x08000c2d   Thumb Code    20  stm32f1xx_hal_rcc.o(i.HAL_RCC_GetPCLK1Freq)
    HAL_RCC_GetPCLK2Freq                     0x08000c4d   Thumb Code    20  stm32f1xx_hal_rcc.o(i.HAL_RCC_GetPCLK2Freq)
    HAL_RCC_GetSysClockFreq                  0x08000c6d   Thumb Code    58  stm32f1xx_hal_rcc.o(i.HAL_RCC_GetSysClockFreq)
    HAL_RCC_OscConfig                        0x08000cb9   Thumb Code   778  stm32f1xx_hal_rcc.o(i.HAL_RCC_OscConfig)
    HAL_SPI_Init                             0x08000fd9   Thumb Code   178  stm32f1xx_hal_spi.o(i.HAL_SPI_Init)
    HAL_SPI_MspInit                          0x0800108d   Thumb Code    80  spi.o(i.HAL_SPI_MspInit)
    HAL_SPI_Transmit                         0x080010e9   Thumb Code   358  stm32f1xx_hal_spi.o(i.HAL_SPI_Transmit)
    HAL_SYSTICK_Config                       0x0800124f   Thumb Code    40  stm32f1xx_hal_cortex.o(i.HAL_SYSTICK_Config)
    HAL_TIMEx_MasterConfigSynchronization    0x08001279   Thumb Code    92  stm32f1xx_hal_tim_ex.o(i.HAL_TIMEx_MasterConfigSynchronization)
    HAL_TIM_Base_Init                        0x080012e1   Thumb Code    90  stm32f1xx_hal_tim.o(i.HAL_TIM_Base_Init)
    HAL_TIM_Base_MspInit                     0x0800133d   Thumb Code    52  tim.o(i.HAL_TIM_Base_MspInit)
    HAL_TIM_ConfigClockSource                0x08001379   Thumb Code   220  stm32f1xx_hal_tim.o(i.HAL_TIM_ConfigClockSource)
    HAL_TIM_MspPostInit                      0x08001455   Thumb Code    98  tim.o(i.HAL_TIM_MspPostInit)
    HAL_TIM_PWM_ConfigChannel                0x080014c9   Thumb Code   204  stm32f1xx_hal_tim.o(i.HAL_TIM_PWM_ConfigChannel)
    HAL_TIM_PWM_Init                         0x08001595   Thumb Code    90  stm32f1xx_hal_tim.o(i.HAL_TIM_PWM_Init)
    HAL_TIM_PWM_MspInit                      0x080015ef   Thumb Code     2  stm32f1xx_hal_tim.o(i.HAL_TIM_PWM_MspInit)
    HAL_TIM_PWM_Start                        0x080015f1   Thumb Code   144  stm32f1xx_hal_tim.o(i.HAL_TIM_PWM_Start)
    HAL_UARTEx_RxEventCallback               0x0800168d   Thumb Code     2  stm32f1xx_hal_uart.o(i.HAL_UARTEx_RxEventCallback)
    HAL_UART_ErrorCallback                   0x08001691   Thumb Code    24  main.o(i.HAL_UART_ErrorCallback)
    HAL_UART_IRQHandler                      0x080016b1   Thumb Code   616  stm32f1xx_hal_uart.o(i.HAL_UART_IRQHandler)
    HAL_UART_Init                            0x0800191d   Thumb Code   100  stm32f1xx_hal_uart.o(i.HAL_UART_Init)
    HAL_UART_MspInit                         0x08001981   Thumb Code   198  usart.o(i.HAL_UART_MspInit)
    HAL_UART_Receive_IT                      0x08001a59   Thumb Code    28  stm32f1xx_hal_uart.o(i.HAL_UART_Receive_IT)
    HAL_UART_RxCpltCallback                  0x08001a75   Thumb Code    48  main.o(i.HAL_UART_RxCpltCallback)
    HAL_UART_TxCpltCallback                  0x08001ab1   Thumb Code     2  stm32f1xx_hal_uart.o(i.HAL_UART_TxCpltCallback)
    HardFault_Handler                        0x08001ab3   Thumb Code     2  stm32f1xx_it.o(i.HardFault_Handler)
    MX_GPIO_Init                             0x08001ab5   Thumb Code   118  gpio.o(i.MX_GPIO_Init)
    MX_SPI1_Init                             0x08001b35   Thumb Code    62  spi.o(i.MX_SPI1_Init)
    MX_TIM2_Init                             0x08001b7d   Thumb Code   148  tim.o(i.MX_TIM2_Init)
    MX_TIM4_Init                             0x08001c15   Thumb Code   150  tim.o(i.MX_TIM4_Init)
    MX_USART1_UART_Init                      0x08001cb5   Thumb Code    48  usart.o(i.MX_USART1_UART_Init)
    MX_USART2_UART_Init                      0x08001ced   Thumb Code    48  usart.o(i.MX_USART2_UART_Init)
    MemManage_Handler                        0x08001d25   Thumb Code     2  stm32f1xx_it.o(i.MemManage_Handler)
    Motor_SetSpeed                           0x08001d29   Thumb Code    54  main.o(i.Motor_SetSpeed)
    NMI_Handler                              0x08001d69   Thumb Code     2  stm32f1xx_it.o(i.NMI_Handler)
    OLED_AnimateHomeSelection                0x08001d6b   Thumb Code   104  oled.o(i.OLED_AnimateHomeSelection)
    OLED_Fill                                0x080025f3   Thumb Code    18  oled.o(i.OLED_Fill)
    OLED_Init                                0x080026dd   Thumb Code   550  oled.o(i.OLED_Init)
    OLED_PlayBootAnimation                   0x08002909   Thumb Code   174  oled.o(i.OLED_PlayBootAnimation)
    OLED_ShowGestureEnrollPage               0x08002a17   Thumb Code   362  oled.o(i.OLED_ShowGestureEnrollPage)
    OLED_ShowHomePage                        0x08002b81   Thumb Code    22  oled.o(i.OLED_ShowHomePage)
    OLED_ShowLockInputPage                   0x08002b99   Thumb Code   254  oled.o(i.OLED_ShowLockInputPage)
    OLED_ShowLockPage                        0x08002c9d   Thumb Code    10  oled.o(i.OLED_ShowLockPage)
    OLED_ShowModifySuccessPage               0x08002ca9   Thumb Code    62  oled.o(i.OLED_ShowModifySuccessPage)
    OLED_ShowMotorPage                       0x08002ced   Thumb Code   184  oled.o(i.OLED_ShowMotorPage)
    OLED_ShowRfidEnrollPage                  0x08002da5   Thumb Code   100  oled.o(i.OLED_ShowRfidEnrollPage)
    OLED_ShowRfidEnrollSuccessPage           0x08002e0d   Thumb Code    62  oled.o(i.OLED_ShowRfidEnrollSuccessPage)
    OLED_ShowServoPage                       0x08002e51   Thumb Code   156  oled.o(i.OLED_ShowServoPage)
    OLED_ShowUnlockDeniedPage                0x08002eed   Thumb Code   116  oled.o(i.OLED_ShowUnlockDeniedPage)
    OLED_ShowUnlockSuccessPage               0x08002f61   Thumb Code    58  oled.o(i.OLED_ShowUnlockSuccessPage)
    OLED_UpdateMotorState                    0x08002fa1   Thumb Code    86  oled.o(i.OLED_UpdateMotorState)
    OLED_UpdateServoState                    0x08002ff7   Thumb Code    86  oled.o(i.OLED_UpdateServoState)
    PendSV_Handler                           0x08003115   Thumb Code     2  stm32f1xx_it.o(i.PendSV_Handler)
    RFID_Init                                0x08003189   Thumb Code    44  rfid_reader.o(i.RFID_Init)
    RFID_Lock                                0x080031b9   Thumb Code    16  rfid_reader.o(i.RFID_Lock)
    RFID_PollEvent                           0x080031cd   Thumb Code    40  rfid_reader.o(i.RFID_PollEvent)
    RFID_ProcessByte                         0x080031f9   Thumb Code   104  rfid_reader.o(i.RFID_ProcessByte)
    RFID_StartEnroll                         0x08003265   Thumb Code    14  rfid_reader.o(i.RFID_StartEnroll)
    SVC_Handler                              0x08003365   Thumb Code     2  stm32f1xx_it.o(i.SVC_Handler)
    SysTick_Handler                          0x080033a9   Thumb Code     4  stm32f1xx_it.o(i.SysTick_Handler)
    SystemClock_Config                       0x080033ad   Thumb Code    94  main.o(i.SystemClock_Config)
    SystemInit                               0x0800340b   Thumb Code     2  system_stm32f1xx.o(i.SystemInit)
    TIM_Base_SetConfig                       0x0800340d   Thumb Code   108  stm32f1xx_hal_tim.o(i.TIM_Base_SetConfig)
    TIM_CCxChannelCmd                        0x08003485   Thumb Code    26  stm32f1xx_hal_tim.o(i.TIM_CCxChannelCmd)
    TIM_ETR_SetConfig                        0x0800349f   Thumb Code    20  stm32f1xx_hal_tim.o(i.TIM_ETR_SetConfig)
    TIM_OC2_SetConfig                        0x08003515   Thumb Code    84  stm32f1xx_hal_tim.o(i.TIM_OC2_SetConfig)
    UART_Start_Receive_IT                    0x08003a31   Thumb Code    54  stm32f1xx_hal_uart.o(i.UART_Start_Receive_IT)
    USART1_IRQHandler                        0x08003a69   Thumb Code     6  stm32f1xx_it.o(i.USART1_IRQHandler)
    USART2_IRQHandler                        0x08003a75   Thumb Code     6  stm32f1xx_it.o(i.USART2_IRQHandler)
    UsageFault_Handler                       0x08003a81   Thumb Code     2  stm32f1xx_it.o(i.UsageFault_Handler)
    main                                     0x08003aa5   Thumb Code   392  main.o(i.main)
    AHBPrescTable                            0x080043e6   Data          16  system_stm32f1xx.o(.constdata)
    APBPrescTable                            0x080043f6   Data           8  system_stm32f1xx.o(.constdata)
    Region$$Table$$Base                      0x08004444   Number         0  anon$$obj.o(Region$$Table)
    Region$$Table$$Limit                     0x08004464   Number         0  anon$$obj.o(Region$$Table)
    uwTickFreq                               0x20000074   Data           1  stm32f1xx_hal.o(.data)
    uwTickPrio                               0x20000078   Data           4  stm32f1xx_hal.o(.data)
    uwTick                                   0x2000007c   Data           4  stm32f1xx_hal.o(.data)
    SystemCoreClock                          0x20000080   Data           4  system_stm32f1xx.o(.data)
    hspi1                                    0x20000084   Data          88  spi.o(.bss)
    htim2                                    0x200000dc   Data          72  tim.o(.bss)
    htim4                                    0x20000124   Data          72  tim.o(.bss)
    huart1                                   0x2000016c   Data          72  usart.o(.bss)
    huart2                                   0x200001b4   Data          72  usart.o(.bss)
    __libspace_start                         0x200001fc   Data          96  libspace.o(.bss)
    __temporary_stack_top$libspace           0x2000025c   Data           0  libspace.o(.bss)



==============================================================================

Memory Map of the image

  Image Entry point : 0x080000ed

  Load Region LR_IROM1 (Base: 0x08000000, Size: 0x000044e8, Max: 0x00010000, ABSOLUTE)

    Execution Region ER_IROM1 (Exec base: 0x08000000, Load base: 0x08000000, Size: 0x00004464, Max: 0x00010000, ABSOLUTE)

    Exec Addr    Load Addr    Size         Type   Attr      Idx    E Section Name        Object

    0x08000000   0x08000000   0x000000ec   Data   RO            3    RESET               startup_stm32f103xb.o
    0x080000ec   0x080000ec   0x00000008   Code   RO         3524  * !!!main             c_w.l(__main.o)
    0x080000f4   0x080000f4   0x00000034   Code   RO         3681    !!!scatter          c_w.l(__scatter.o)
    0x08000128   0x08000128   0x0000001a   Code   RO         3683    !!handler_copy      c_w.l(__scatter_copy.o)
    0x08000142   0x08000142   0x00000002   PAD
    0x08000144   0x08000144   0x0000001c   Code   RO         3685    !!handler_zi        c_w.l(__scatter_zi.o)
    0x08000160   0x08000160   0x00000002   Code   RO         3551    .ARM.Collect$$libinit$$00000000  c_w.l(libinit.o)
    0x08000162   0x08000162   0x00000000   Code   RO         3558    .ARM.Collect$$libinit$$00000002  c_w.l(libinit2.o)
    0x08000162   0x08000162   0x00000000   Code   RO         3560    .ARM.Collect$$libinit$$00000004  c_w.l(libinit2.o)
    0x08000162   0x08000162   0x00000000   Code   RO         3563    .ARM.Collect$$libinit$$0000000A  c_w.l(libinit2.o)
    0x08000162   0x08000162   0x00000000   Code   RO         3565    .ARM.Collect$$libinit$$0000000C  c_w.l(libinit2.o)
    0x08000162   0x08000162   0x00000000   Code   RO         3567    .ARM.Collect$$libinit$$0000000E  c_w.l(libinit2.o)
    0x08000162   0x08000162   0x00000000   Code   RO         3570    .ARM.Collect$$libinit$$00000011  c_w.l(libinit2.o)
    0x08000162   0x08000162   0x00000000   Code   RO         3572    .ARM.Collect$$libinit$$00000013  c_w.l(libinit2.o)
    0x08000162   0x08000162   0x00000000   Code   RO         3574    .ARM.Collect$$libinit$$00000015  c_w.l(libinit2.o)
    0x08000162   0x08000162   0x00000000   Code   RO         3576    .ARM.Collect$$libinit$$00000017  c_w.l(libinit2.o)
    0x08000162   0x08000162   0x00000000   Code   RO         3578    .ARM.Collect$$libinit$$00000019  c_w.l(libinit2.o)
    0x08000162   0x08000162   0x00000000   Code   RO         3580    .ARM.Collect$$libinit$$0000001B  c_w.l(libinit2.o)
    0x08000162   0x08000162   0x00000000   Code   RO         3582    .ARM.Collect$$libinit$$0000001D  c_w.l(libinit2.o)
    0x08000162   0x08000162   0x00000000   Code   RO         3584    .ARM.Collect$$libinit$$0000001F  c_w.l(libinit2.o)
    0x08000162   0x08000162   0x00000000   Code   RO         3586    .ARM.Collect$$libinit$$00000021  c_w.l(libinit2.o)
    0x08000162   0x08000162   0x00000000   Code   RO         3588    .ARM.Collect$$libinit$$00000023  c_w.l(libinit2.o)
    0x08000162   0x08000162   0x00000000   Code   RO         3590    .ARM.Collect$$libinit$$00000025  c_w.l(libinit2.o)
    0x08000162   0x08000162   0x00000000   Code   RO         3594    .ARM.Collect$$libinit$$0000002C  c_w.l(libinit2.o)
    0x08000162   0x08000162   0x00000000   Code   RO         3596    .ARM.Collect$$libinit$$0000002E  c_w.l(libinit2.o)
    0x08000162   0x08000162   0x00000000   Code   RO         3598    .ARM.Collect$$libinit$$00000030  c_w.l(libinit2.o)
    0x08000162   0x08000162   0x00000000   Code   RO         3600    .ARM.Collect$$libinit$$00000032  c_w.l(libinit2.o)
    0x08000162   0x08000162   0x00000002   Code   RO         3601    .ARM.Collect$$libinit$$00000033  c_w.l(libinit2.o)
    0x08000164   0x08000164   0x00000002   Code   RO         3621    .ARM.Collect$$libshutdown$$00000000  c_w.l(libshutdown.o)
    0x08000166   0x08000166   0x00000000   Code   RO         3634    .ARM.Collect$$libshutdown$$00000002  c_w.l(libshutdown2.o)
    0x08000166   0x08000166   0x00000000   Code   RO         3636    .ARM.Collect$$libshutdown$$00000004  c_w.l(libshutdown2.o)
    0x08000166   0x08000166   0x00000000   Code   RO         3639    .ARM.Collect$$libshutdown$$00000007  c_w.l(libshutdown2.o)
    0x08000166   0x08000166   0x00000000   Code   RO         3642    .ARM.Collect$$libshutdown$$0000000A  c_w.l(libshutdown2.o)
    0x08000166   0x08000166   0x00000000   Code   RO         3644    .ARM.Collect$$libshutdown$$0000000C  c_w.l(libshutdown2.o)
    0x08000166   0x08000166   0x00000000   Code   RO         3647    .ARM.Collect$$libshutdown$$0000000F  c_w.l(libshutdown2.o)
    0x08000166   0x08000166   0x00000002   Code   RO         3648    .ARM.Collect$$libshutdown$$00000010  c_w.l(libshutdown2.o)
    0x08000168   0x08000168   0x00000000   Code   RO         3526    .ARM.Collect$$rtentry$$00000000  c_w.l(__rtentry.o)
    0x08000168   0x08000168   0x00000000   Code   RO         3528    .ARM.Collect$$rtentry$$00000002  c_w.l(__rtentry2.o)
    0x08000168   0x08000168   0x00000006   Code   RO         3540    .ARM.Collect$$rtentry$$00000004  c_w.l(__rtentry4.o)
    0x0800016e   0x0800016e   0x00000000   Code   RO         3530    .ARM.Collect$$rtentry$$00000009  c_w.l(__rtentry2.o)
    0x0800016e   0x0800016e   0x00000004   Code   RO         3531    .ARM.Collect$$rtentry$$0000000A  c_w.l(__rtentry2.o)
    0x08000172   0x08000172   0x00000000   Code   RO         3533    .ARM.Collect$$rtentry$$0000000C  c_w.l(__rtentry2.o)
    0x08000172   0x08000172   0x00000008   Code   RO         3534    .ARM.Collect$$rtentry$$0000000D  c_w.l(__rtentry2.o)
    0x0800017a   0x0800017a   0x00000002   Code   RO         3555    .ARM.Collect$$rtexit$$00000000  c_w.l(rtexit.o)
    0x0800017c   0x0800017c   0x00000000   Code   RO         3603    .ARM.Collect$$rtexit$$00000002  c_w.l(rtexit2.o)
    0x0800017c   0x0800017c   0x00000004   Code   RO         3604    .ARM.Collect$$rtexit$$00000003  c_w.l(rtexit2.o)
    0x08000180   0x08000180   0x00000006   Code   RO         3605    .ARM.Collect$$rtexit$$00000004  c_w.l(rtexit2.o)
    0x08000186   0x08000186   0x00000002   PAD
    0x08000188   0x08000188   0x00000040   Code   RO            4    .text               startup_stm32f103xb.o
    0x080001c8   0x080001c8   0x0000004e   Code   RO         3520    .text               c_w.l(rt_memclr_w.o)
    0x08000216   0x08000216   0x00000006   Code   RO         3522    .text               c_w.l(heapauxi.o)
    0x0800021c   0x0800021c   0x0000004a   Code   RO         3542    .text               c_w.l(sys_stackheap_outer.o)
    0x08000266   0x08000266   0x00000012   Code   RO         3544    .text               c_w.l(exit.o)
    0x08000278   0x08000278   0x00000008   Code   RO         3552    .text               c_w.l(libspace.o)
    0x08000280   0x08000280   0x0000000c   Code   RO         3613    .text               c_w.l(sys_exit.o)
    0x0800028c   0x0800028c   0x00000002   Code   RO         3624    .text               c_w.l(use_no_semi.o)
    0x0800028e   0x0800028e   0x00000000   Code   RO         3626    .text               c_w.l(indicate_semi.o)
    0x0800028e   0x0800028e   0x00000002   PAD
    0x08000290   0x08000290   0x0000006c   Code   RO           13    i.App_HandleGestureEnrollByte  main.o
    0x080002fc   0x080002fc   0x00000048   Code   RO           14    i.App_HandleGestureEnrollTimer  main.o
    0x08000344   0x08000344   0x0000001c   Code   RO           15    i.App_HandleGestureInvalid  main.o
    0x08000360   0x08000360   0x000000d0   Code   RO           16    i.App_HandleRfidEvents  main.o
    0x08000430   0x08000430   0x00000144   Code   RO           17    i.App_HandleTextCommand  main.o
    0x08000574   0x08000574   0x00000088   Code   RO           18    i.App_HandleUnlockByte  main.o
    0x080005fc   0x080005fc   0x00000040   Code   RO           19    i.App_LockAndShow   main.o
    0x0800063c   0x0800063c   0x00000040   Code   RO           20    i.App_OpenHomeItem  main.o
    0x0800067c   0x0800067c   0x00000030   Code   RO           21    i.App_ReturnHome    main.o
    0x080006ac   0x080006ac   0x00000022   Code   RO           22    i.App_StringEquals  main.o
    0x080006ce   0x080006ce   0x00000002   Code   RO          420    i.BusFault_Handler  stm32f1xx_it.o
    0x080006d0   0x080006d0   0x00000002   Code   RO          421    i.DebugMon_Handler  stm32f1xx_it.o
    0x080006d2   0x080006d2   0x00000004   Code   RO           23    i.Error_Handler     main.o
    0x080006d6   0x080006d6   0x00000046   Code   RO         1549    i.HAL_DMA_Abort     stm32f1xx_hal_dma.o
    0x0800071c   0x0800071c   0x00000098   Code   RO         1550    i.HAL_DMA_Abort_IT  stm32f1xx_hal_dma.o
    0x080007b4   0x080007b4   0x00000024   Code   RO         1175    i.HAL_Delay         stm32f1xx_hal.o
    0x080007d8   0x080007d8   0x000001e0   Code   RO         1485    i.HAL_GPIO_Init     stm32f1xx_hal_gpio.o
    0x080009b8   0x080009b8   0x0000000a   Code   RO         1489    i.HAL_GPIO_WritePin  stm32f1xx_hal_gpio.o
    0x080009c2   0x080009c2   0x00000002   PAD
    0x080009c4   0x080009c4   0x0000000c   Code   RO         1179    i.HAL_GetTick       stm32f1xx_hal.o
    0x080009d0   0x080009d0   0x00000010   Code   RO         1185    i.HAL_IncTick       stm32f1xx_hal.o
    0x080009e0   0x080009e0   0x00000024   Code   RO         1186    i.HAL_Init          stm32f1xx_hal.o
    0x08000a04   0x08000a04   0x00000040   Code   RO         1187    i.HAL_InitTick      stm32f1xx_hal.o
    0x08000a44   0x08000a44   0x0000003c   Code   RO          508    i.HAL_MspInit       stm32f1xx_hal_msp.o
    0x08000a80   0x08000a80   0x0000001a   Code   RO         1645    i.HAL_NVIC_EnableIRQ  stm32f1xx_hal_cortex.o
    0x08000a9a   0x08000a9a   0x00000002   PAD
    0x08000a9c   0x08000a9c   0x00000040   Code   RO         1651    i.HAL_NVIC_SetPriority  stm32f1xx_hal_cortex.o
    0x08000adc   0x08000adc   0x00000024   Code   RO         1652    i.HAL_NVIC_SetPriorityGrouping  stm32f1xx_hal_cortex.o
    0x08000b00   0x08000b00   0x0000012c   Code   RO         1343    i.HAL_RCC_ClockConfig  stm32f1xx_hal_rcc.o
    0x08000c2c   0x08000c2c   0x00000020   Code   RO         1350    i.HAL_RCC_GetPCLK1Freq  stm32f1xx_hal_rcc.o
    0x08000c4c   0x08000c4c   0x00000020   Code   RO         1351    i.HAL_RCC_GetPCLK2Freq  stm32f1xx_hal_rcc.o
    0x08000c6c   0x08000c6c   0x0000004c   Code   RO         1352    i.HAL_RCC_GetSysClockFreq  stm32f1xx_hal_rcc.o
    0x08000cb8   0x08000cb8   0x00000320   Code   RO         1355    i.HAL_RCC_OscConfig  stm32f1xx_hal_rcc.o
    0x08000fd8   0x08000fd8   0x000000b2   Code   RO          857    i.HAL_SPI_Init      stm32f1xx_hal_spi.o
    0x0800108a   0x0800108a   0x00000002   PAD
    0x0800108c   0x0800108c   0x0000005c   Code   RO          277    i.HAL_SPI_MspInit   spi.o
    0x080010e8   0x080010e8   0x00000166   Code   RO          865    i.HAL_SPI_Transmit  stm32f1xx_hal_spi.o
    0x0800124e   0x0800124e   0x00000028   Code   RO         1656    i.HAL_SYSTICK_Config  stm32f1xx_hal_cortex.o
    0x08001276   0x08001276   0x00000002   PAD
    0x08001278   0x08001278   0x00000068   Code   RO         2870    i.HAL_TIMEx_MasterConfigSynchronization  stm32f1xx_hal_tim_ex.o
    0x080012e0   0x080012e0   0x0000005a   Code   RO         2147    i.HAL_TIM_Base_Init  stm32f1xx_hal_tim.o
    0x0800133a   0x0800133a   0x00000002   PAD
    0x0800133c   0x0800133c   0x0000003c   Code   RO          319    i.HAL_TIM_Base_MspInit  tim.o
    0x08001378   0x08001378   0x000000dc   Code   RO         2156    i.HAL_TIM_ConfigClockSource  stm32f1xx_hal_tim.o
    0x08001454   0x08001454   0x00000074   Code   RO          320    i.HAL_TIM_MspPostInit  tim.o
    0x080014c8   0x080014c8   0x000000cc   Code   RO         2219    i.HAL_TIM_PWM_ConfigChannel  stm32f1xx_hal_tim.o
    0x08001594   0x08001594   0x0000005a   Code   RO         2222    i.HAL_TIM_PWM_Init  stm32f1xx_hal_tim.o
    0x080015ee   0x080015ee   0x00000002   Code   RO         2224    i.HAL_TIM_PWM_MspInit  stm32f1xx_hal_tim.o
    0x080015f0   0x080015f0   0x0000009c   Code   RO         2227    i.HAL_TIM_PWM_Start  stm32f1xx_hal_tim.o
    0x0800168c   0x0800168c   0x00000002   Code   RO         3130    i.HAL_UARTEx_RxEventCallback  stm32f1xx_hal_uart.o
    0x0800168e   0x0800168e   0x00000002   PAD
    0x08001690   0x08001690   0x00000020   Code   RO           24    i.HAL_UART_ErrorCallback  main.o
    0x080016b0   0x080016b0   0x0000026c   Code   RO         3147    i.HAL_UART_IRQHandler  stm32f1xx_hal_uart.o
    0x0800191c   0x0800191c   0x00000064   Code   RO         3148    i.HAL_UART_Init     stm32f1xx_hal_uart.o
    0x08001980   0x08001980   0x000000d8   Code   RO          373    i.HAL_UART_MspInit  usart.o
    0x08001a58   0x08001a58   0x0000001c   Code   RO         3153    i.HAL_UART_Receive_IT  stm32f1xx_hal_uart.o
    0x08001a74   0x08001a74   0x0000003c   Code   RO           25    i.HAL_UART_RxCpltCallback  main.o
    0x08001ab0   0x08001ab0   0x00000002   Code   RO         3159    i.HAL_UART_TxCpltCallback  stm32f1xx_hal_uart.o
    0x08001ab2   0x08001ab2   0x00000002   Code   RO          422    i.HardFault_Handler  stm32f1xx_it.o
    0x08001ab4   0x08001ab4   0x00000080   Code   RO          252    i.MX_GPIO_Init      gpio.o
    0x08001b34   0x08001b34   0x00000048   Code   RO          278    i.MX_SPI1_Init      spi.o
    0x08001b7c   0x08001b7c   0x00000098   Code   RO          321    i.MX_TIM2_Init      tim.o
    0x08001c14   0x08001c14   0x000000a0   Code   RO          322    i.MX_TIM4_Init      tim.o
    0x08001cb4   0x08001cb4   0x00000038   Code   RO          374    i.MX_USART1_UART_Init  usart.o
    0x08001cec   0x08001cec   0x00000038   Code   RO          375    i.MX_USART2_UART_Init  usart.o
    0x08001d24   0x08001d24   0x00000002   Code   RO          423    i.MemManage_Handler  stm32f1xx_it.o
    0x08001d26   0x08001d26   0x00000002   PAD
    0x08001d28   0x08001d28   0x00000040   Code   RO           26    i.Motor_SetSpeed    main.o
    0x08001d68   0x08001d68   0x00000002   Code   RO          424    i.NMI_Handler       stm32f1xx_it.o
    0x08001d6a   0x08001d6a   0x00000068   Code   RO          532    i.OLED_AnimateHomeSelection  oled.o
    0x08001dd2   0x08001dd2   0x00000002   PAD
    0x08001dd4   0x08001dd4   0x000000c8   Code   RO          533    i.OLED_DrawDigitSmall  oled.o
    0x08001e9c   0x08001e9c   0x000000ce   Code   RO          534    i.OLED_DrawDoorIcon  oled.o
    0x08001f6a   0x08001f6a   0x00000084   Code   RO          535    i.OLED_DrawFanIcon  oled.o
    0x08001fee   0x08001fee   0x00000050   Code   RO          536    i.OLED_DrawFrame    oled.o
    0x0800203e   0x0800203e   0x00000002   PAD
    0x08002040   0x08002040   0x00000090   Code   RO          537    i.OLED_DrawGestureIcon  oled.o
    0x080020d0   0x080020d0   0x0000007c   Code   RO          538    i.OLED_DrawGlyph16  oled.o
    0x0800214c   0x0800214c   0x00000098   Code   RO          539    i.OLED_DrawGlyph16Scaled24  oled.o
    0x080021e4   0x080021e4   0x0000007c   Code   RO          540    i.OLED_DrawGlyph24  oled.o
    0x08002260   0x08002260   0x0000023c   Code   RO          541    i.OLED_DrawHomeFrame  oled.o
    0x0800249c   0x0800249c   0x000000aa   Code   RO          542    i.OLED_DrawLockIcon  oled.o
    0x08002546   0x08002546   0x00000078   Code   RO          543    i.OLED_DrawRfidIcon  oled.o
    0x080025be   0x080025be   0x00000034   Code   RO          544    i.OLED_DrawText16   oled.o
    0x080025f2   0x080025f2   0x00000012   Code   RO          545    i.OLED_Fill         oled.o
    0x08002604   0x08002604   0x0000007a   Code   RO          546    i.OLED_FillRect     oled.o
    0x0800267e   0x0800267e   0x0000005e   Code   RO          547    i.OLED_FillRectSigned  oled.o
    0x080026dc   0x080026dc   0x0000022c   Code   RO          548    i.OLED_Init         oled.o
    0x08002908   0x08002908   0x000000b4   Code   RO          549    i.OLED_PlayBootAnimation  oled.o
    0x080029bc   0x080029bc   0x0000005a   Code   RO          550    i.OLED_SetAddressWindow  oled.o
    0x08002a16   0x08002a16   0x0000016a   Code   RO          551    i.OLED_ShowGestureEnrollPage  oled.o
    0x08002b80   0x08002b80   0x00000016   Code   RO          552    i.OLED_ShowHomePage  oled.o
    0x08002b96   0x08002b96   0x00000002   PAD
    0x08002b98   0x08002b98   0x00000104   Code   RO          553    i.OLED_ShowLockInputPage  oled.o
    0x08002c9c   0x08002c9c   0x0000000a   Code   RO          554    i.OLED_ShowLockPage  oled.o
    0x08002ca6   0x08002ca6   0x00000002   PAD
    0x08002ca8   0x08002ca8   0x00000044   Code   RO          555    i.OLED_ShowModifySuccessPage  oled.o
    0x08002cec   0x08002cec   0x000000b8   Code   RO          556    i.OLED_ShowMotorPage  oled.o
    0x08002da4   0x08002da4   0x00000068   Code   RO          557    i.OLED_ShowRfidEnrollPage  oled.o
    0x08002e0c   0x08002e0c   0x00000044   Code   RO          558    i.OLED_ShowRfidEnrollSuccessPage  oled.o
    0x08002e50   0x08002e50   0x0000009c   Code   RO          559    i.OLED_ShowServoPage  oled.o
    0x08002eec   0x08002eec   0x00000074   Code   RO          560    i.OLED_ShowUnlockDeniedPage  oled.o
    0x08002f60   0x08002f60   0x00000040   Code   RO          561    i.OLED_ShowUnlockSuccessPage  oled.o
    0x08002fa0   0x08002fa0   0x00000056   Code   RO          562    i.OLED_UpdateMotorState  oled.o
    0x08002ff6   0x08002ff6   0x00000056   Code   RO          563    i.OLED_UpdateServoState  oled.o
    0x0800304c   0x0800304c   0x00000040   Code   RO          564    i.OLED_WriteCommand  oled.o
    0x0800308c   0x0800308c   0x00000040   Code   RO          565    i.OLED_WriteData    oled.o
    0x080030cc   0x080030cc   0x00000048   Code   RO          566    i.OLED_WriteDataBuffer  oled.o
    0x08003114   0x08003114   0x00000002   Code   RO          425    i.PendSV_Handler    stm32f1xx_it.o
    0x08003116   0x08003116   0x00000002   PAD
    0x08003118   0x08003118   0x00000070   Code   RO          743    i.RFID_HandleCard   rfid_reader.o
    0x08003188   0x08003188   0x00000030   Code   RO          745    i.RFID_Init         rfid_reader.o
    0x080031b8   0x080031b8   0x00000014   Code   RO          747    i.RFID_Lock         rfid_reader.o
    0x080031cc   0x080031cc   0x0000002c   Code   RO          748    i.RFID_PollEvent    rfid_reader.o
    0x080031f8   0x080031f8   0x0000006c   Code   RO          749    i.RFID_ProcessByte  rfid_reader.o
    0x08003264   0x08003264   0x00000014   Code   RO          750    i.RFID_StartEnroll  rfid_reader.o
    0x08003278   0x08003278   0x00000034   Code   RO          895    i.SPI_EndRxTxTransaction  stm32f1xx_hal_spi.o
    0x080032ac   0x080032ac   0x000000b8   Code   RO          900    i.SPI_WaitFlagStateUntilTimeout  stm32f1xx_hal_spi.o
    0x08003364   0x08003364   0x00000002   Code   RO          426    i.SVC_Handler       stm32f1xx_it.o
    0x08003366   0x08003366   0x00000002   PAD
    0x08003368   0x08003368   0x00000040   Code   RO           27    i.Servo_SetDoor     main.o
    0x080033a8   0x080033a8   0x00000004   Code   RO          427    i.SysTick_Handler   stm32f1xx_it.o
    0x080033ac   0x080033ac   0x0000005e   Code   RO           28    i.SystemClock_Config  main.o
    0x0800340a   0x0800340a   0x00000002   Code   RO         3482    i.SystemInit        system_stm32f1xx.o
    0x0800340c   0x0800340c   0x00000078   Code   RO         2240    i.TIM_Base_SetConfig  stm32f1xx_hal_tim.o
    0x08003484   0x08003484   0x0000001a   Code   RO         2241    i.TIM_CCxChannelCmd  stm32f1xx_hal_tim.o
    0x0800349e   0x0800349e   0x00000014   Code   RO         2251    i.TIM_ETR_SetConfig  stm32f1xx_hal_tim.o
    0x080034b2   0x080034b2   0x00000010   Code   RO         2252    i.TIM_ITRx_SetConfig  stm32f1xx_hal_tim.o
    0x080034c2   0x080034c2   0x00000002   PAD
    0x080034c4   0x080034c4   0x00000050   Code   RO         2253    i.TIM_OC1_SetConfig  stm32f1xx_hal_tim.o
    0x08003514   0x08003514   0x00000058   Code   RO         2254    i.TIM_OC2_SetConfig  stm32f1xx_hal_tim.o
    0x0800356c   0x0800356c   0x00000058   Code   RO         2255    i.TIM_OC3_SetConfig  stm32f1xx_hal_tim.o
    0x080035c4   0x080035c4   0x00000044   Code   RO         2256    i.TIM_OC4_SetConfig  stm32f1xx_hal_tim.o
    0x08003608   0x08003608   0x00000022   Code   RO         2258    i.TIM_TI1_ConfigInputStage  stm32f1xx_hal_tim.o
    0x0800362a   0x0800362a   0x00000024   Code   RO         2260    i.TIM_TI2_ConfigInputStage  stm32f1xx_hal_tim.o
    0x0800364e   0x0800364e   0x00000002   PAD
    0x08003650   0x08003650   0x000001e0   Code   RO           29    i.UART1_ProcessRxByte  main.o
    0x08003830   0x08003830   0x00000014   Code   RO           30    i.UART1_StartReceive  main.o
    0x08003844   0x08003844   0x00000014   Code   RO           31    i.UART2_StartReceive  main.o
    0x08003858   0x08003858   0x00000010   Code   RO         3161    i.UART_DMAAbortOnError  stm32f1xx_hal_uart.o
    0x08003868   0x08003868   0x0000004e   Code   RO         3171    i.UART_EndRxTransfer  stm32f1xx_hal_uart.o
    0x080038b6   0x080038b6   0x000000c2   Code   RO         3173    i.UART_Receive_IT   stm32f1xx_hal_uart.o
    0x08003978   0x08003978   0x000000b8   Code   RO         3174    i.UART_SetConfig    stm32f1xx_hal_uart.o
    0x08003a30   0x08003a30   0x00000036   Code   RO         3176    i.UART_Start_Receive_IT  stm32f1xx_hal_uart.o
    0x08003a66   0x08003a66   0x00000002   PAD
    0x08003a68   0x08003a68   0x0000000c   Code   RO          428    i.USART1_IRQHandler  stm32f1xx_it.o
    0x08003a74   0x08003a74   0x0000000c   Code   RO          429    i.USART2_IRQHandler  stm32f1xx_it.o
    0x08003a80   0x08003a80   0x00000002   Code   RO          430    i.UsageFault_Handler  stm32f1xx_it.o
    0x08003a82   0x08003a82   0x00000020   Code   RO         1658    i.__NVIC_SetPriority  stm32f1xx_hal_cortex.o
    0x08003aa2   0x08003aa2   0x00000002   PAD
    0x08003aa4   0x08003aa4   0x00000198   Code   RO           32    i.main              main.o
    0x08003c3c   0x08003c3c   0x00000798   Data   RO          567    .constdata          oled.o
    0x080043d4   0x080043d4   0x00000012   Data   RO         1356    .constdata          stm32f1xx_hal_rcc.o
    0x080043e6   0x080043e6   0x00000010   Data   RO         3483    .constdata          system_stm32f1xx.o
    0x080043f6   0x080043f6   0x00000008   Data   RO         3484    .constdata          system_stm32f1xx.o
    0x080043fe   0x080043fe   0x00000002   PAD
    0x08004400   0x08004400   0x00000041   Data   RO           33    .conststring        main.o
    0x08004441   0x08004441   0x00000003   PAD
    0x08004444   0x08004444   0x00000020   Data   RO         3679    Region$$Table       anon$$obj.o


    Execution Region RW_IRAM1 (Exec base: 0x20000000, Load base: 0x08004464, Size: 0x00000860, Max: 0x00005000, ABSOLUTE)

    Exec Addr    Load Addr    Size         Type   Attr      Idx    E Section Name        Object

    0x20000000   0x08004464   0x00000060   Data   RW           34    .data               main.o
    0x20000060   0x080044c4   0x00000012   Data   RW          751    .data               rfid_reader.o
    0x20000072   0x080044d6   0x00000002   PAD
    0x20000074   0x080044d8   0x0000000c   Data   RW         1193    .data               stm32f1xx_hal.o
    0x20000080   0x080044e4   0x00000004   Data   RW         3485    .data               system_stm32f1xx.o
    0x20000084        -       0x00000058   Zero   RW          279    .bss                spi.o
    0x200000dc        -       0x00000090   Zero   RW          323    .bss                tim.o
    0x2000016c        -       0x00000090   Zero   RW          376    .bss                usart.o
    0x200001fc        -       0x00000060   Zero   RW         3553    .bss                c_w.l(libspace.o)
    0x2000025c   0x080044e8   0x00000004   PAD
    0x20000260        -       0x00000200   Zero   RW            2    HEAP                startup_stm32f103xb.o
    0x20000460        -       0x00000400   Zero   RW            1    STACK               startup_stm32f103xb.o


==============================================================================

Image component sizes


      Code (inc. data)   RO Data    RW Data    ZI Data      Debug   Object Name

       128         10          0          0          0        987   gpio.o
      2332        256         65         96          0     449248   main.o
      5026         96       1944          0          0      27652   oled.o
       352         40          0         18          0       4379   rfid_reader.o
       164         22          0          0         88       1769   spi.o
        64         26        236          0       1536        828   startup_stm32f103xb.o
       164         28          0         12          0       6165   stm32f1xx_hal.o
       198         14          0          0          0      29139   stm32f1xx_hal_cortex.o
       222          4          0          0          0       1867   stm32f1xx_hal_dma.o
       490         34          0          0          0       2988   stm32f1xx_hal_gpio.o
        60          8          0          0          0        942   stm32f1xx_hal_msp.o
      1240         84         18          0          0       5308   stm32f1xx_hal_rcc.o
       772          4          0          0          0       4514   stm32f1xx_hal_spi.o
      1338         44          0          0          0      12884   stm32f1xx_hal_tim.o
       104         12          0          0          0       1424   stm32f1xx_hal_tim_ex.o
      1278         10          0          0          0       8691   stm32f1xx_hal_uart.o
        44         12          0          0          0       5102   stm32f1xx_it.o
         2          0         24          4          0       1215   system_stm32f1xx.o
       488         40          0          0        144       3313   tim.o
       328         34          0          0        144       2523   usart.o

    ----------------------------------------------------------------------
     14828        778       2324        132       1912     570938   Object Totals
         0          0         32          0          0          0   (incl. Generated)
        34          0          5          2          0          0   (incl. Padding)

    ----------------------------------------------------------------------

      Code (inc. data)   RO Data    RW Data    ZI Data      Debug   Library Member Name

         8          0          0          0          0         68   __main.o
         0          0          0          0          0          0   __rtentry.o
        12          0          0          0          0          0   __rtentry2.o
         6          0          0          0          0          0   __rtentry4.o
        52          8          0          0          0          0   __scatter.o
        26          0          0          0          0          0   __scatter_copy.o
        28          0          0          0          0          0   __scatter_zi.o
        18          0          0          0          0         80   exit.o
         6          0          0          0          0        152   heapauxi.o
         0          0          0          0          0          0   indicate_semi.o
         2          0          0          0          0          0   libinit.o
         2          0          0          0          0          0   libinit2.o
         2          0          0          0          0          0   libshutdown.o
         2          0          0          0          0          0   libshutdown2.o
         8          4          0          0         96         68   libspace.o
        78          0          0          0          0         80   rt_memclr_w.o
         2          0          0          0          0          0   rtexit.o
        10          0          0          0          0          0   rtexit2.o
        12          4          0          0          0         68   sys_exit.o
        74          0          0          0          0         80   sys_stackheap_outer.o
         2          0          0          0          0         68   use_no_semi.o

    ----------------------------------------------------------------------
       356         16          0          0        100        664   Library Totals
         6          0          0          0          4          0   (incl. Padding)

    ----------------------------------------------------------------------

      Code (inc. data)   RO Data    RW Data    ZI Data      Debug   Library Name

       350         16          0          0         96        664   c_w.l

    ----------------------------------------------------------------------
       356         16          0          0        100        664   Library Totals

    ----------------------------------------------------------------------

==============================================================================


      Code (inc. data)   RO Data    RW Data    ZI Data      Debug   

     15184        794       2324        132       2012     564682   Grand Totals
     15184        794       2324        132       2012     564682   ELF Image Totals
     15184        794       2324        132          0          0   ROM Totals

==============================================================================

    Total RO  Size (Code + RO Data)                17508 (  17.10kB)
    Total RW  Size (RW Data + ZI Data)              2144 (   2.09kB)
    Total ROM Size (Code + RO Data + RW Data)      17640 (  17.23kB)

==============================================================================

